../Core/Src/lcd.c:85:13:lcd_start_write	8	static
../Core/Src/lcd.c:89:13:lcd_end_write	8	static
../Core/Src/lcd.c:93:13:lcd_start_command	8	static
../Core/Src/lcd.c:97:13:lcd_start_data	8	static
../Core/Src/lcd.c:101:13:lcd_spi_send_com	24	static
../Core/Src/lcd.c:110:13:lcd_spi_send_data	24	static
../Core/Src/lcd.c:121:13:lcd_set_window	32	static
../Core/Src/lcd.c:138:5:lcd_init	24	static
../Core/Src/lcd.c:178:5:lcd_set_rotation	24	static
../Core/Src/lcd.c:219:6:lcd_pixel	24	static
../Core/Src/lcd.c:230:6:lcd_vline	32	static
../Core/Src/lcd.c:241:6:lcd_hline	32	static
../Core/Src/lcd.c:252:6:lcd_rect	24	static
../Core/Src/lcd.c:259:6:lcd_fill_rect	32	static
../Core/Src/lcd.c:273:6:lcd_fill	24	static
../Core/Src/lcd.c:277:6:lcd_line	48	static
../Core/Src/lcd.c:316:6:lcd_circle	40	static
../Core/Src/lcd.c:351:6:lcd_fill_circle	40	static
../Core/Src/lcd.c:383:6:lcd_set_text_color	16	static
../Core/Src/lcd.c:387:6:lcd_set_text_bg_color	16	static
../Core/Src/lcd.c:391:6:lcd_char	40	static
../Core/Src/lcd.c:429:6:lcd_putchar	48	static
../Core/Src/lcd.c:443:6:lcd_print	16	static
