../Core/Src/main.c:109:5:main	8	static
../Core/Src/main.c:195:6:SystemClock_Config	88	static
../Core/Src/main.c:241:13:MX_ADC1_Init	24	static
../Core/Src/main.c:293:13:MX_SPI1_Init	8	static
../Core/Src/main.c:331:13:MX_GPIO_Init	40	static
../Core/Src/main.c:363:6:addQueueFrame	24	static
../Core/Src/main.c:376:6:delQueueFrame	16	static
../Core/Src/main.c:388:6:protagonistDraw	16	static
../Core/Src/main.c:401:6:bulletDraw	24	static
../Core/Src/main.c:415:6:HAL_GPIO_EXTI_Callback	16	static
../Core/Src/main.c:433:6:StartDraw	16	static
../Core/Src/main.c:459:6:StartControl	16	static
../Core/Src/main.c:481:6:Error_Handler	4	static,ignoring_inline_asm
