../Core/Src/main.c:124:5:main	8	static
../Core/Src/main.c:221:6:SystemClock_Config	88	static
../Core/Src/main.c:267:13:MX_ADC1_Init	24	static
../Core/Src/main.c:319:13:MX_SPI1_Init	8	static
../Core/Src/main.c:357:13:MX_TIM9_Init	24	static
../Core/Src/main.c:395:13:MX_GPIO_Init	40	static
../Core/Src/main.c:430:6:addQueueFrame	24	static
../Core/Src/main.c:443:6:delQueueFrame	24	static
../Core/Src/main.c:455:6:protagonistDraw	16	static
../Core/Src/main.c:468:6:bulletDraw	24	static
../Core/Src/main.c:482:6:mobDraw	32	static
../Core/Src/main.c:492:6:HAL_GPIO_EXTI_Callback	16	static
../Core/Src/main.c:501:6:HAL_TIM_PeriodElapsedCallback	16	static
../Core/Src/main.c:522:6:StartDraw	16	static
../Core/Src/main.c:549:6:StartControl	16	static
../Core/Src/main.c:571:6:Error_Handler	4	static,ignoring_inline_asm
