../Core/Src/main.c:126:5:main	8	static
../Core/Src/main.c:226:6:SystemClock_Config	88	static
../Core/Src/main.c:272:13:MX_ADC1_Init	24	static
../Core/Src/main.c:324:13:MX_SPI1_Init	8	static
../Core/Src/main.c:362:13:MX_TIM9_Init	24	static
../Core/Src/main.c:400:13:MX_GPIO_Init	40	static
../Core/Src/main.c:435:9:addQueueFrame	24	static
../Core/Src/main.c:452:6:delQueueFrame	16	static
../Core/Src/main.c:475:6:protagonistDraw	16	static
../Core/Src/main.c:488:6:bulletDraw	24	static
../Core/Src/main.c:505:6:mobDraw	32	static
../Core/Src/main.c:518:6:collisionFinder	24	static
../Core/Src/main.c:530:6:HAL_GPIO_EXTI_Callback	16	static
../Core/Src/main.c:538:6:HAL_TIM_PeriodElapsedCallback	24	static
../Core/Src/main.c:571:6:StartDraw	16	static
../Core/Src/main.c:599:6:StartControl	16	static
../Core/Src/main.c:621:6:Error_Handler	4	static,ignoring_inline_asm
