Archive member included to satisfy reference by file (symbol)

f:/stm32cubeide_1.10.1/stm32cubeide/plugins/com.st.stm32cube.ide.mcu.externaltools.gnu-tools-for-stm32.10.3-2021.10.win32_1.0.0.202111181127/tools/bin/../lib/gcc/arm-none-eabi/10.3.1/../../../../arm-none-eabi/lib/thumb/v7e-m+fp/hard\libc_nano.a(lib_a-errno.o)
                              ./Core/Src/syscalls.o (__errno)
f:/stm32cubeide_1.10.1/stm32cubeide/plugins/com.st.stm32cube.ide.mcu.externaltools.gnu-tools-for-stm32.10.3-2021.10.win32_1.0.0.202111181127/tools/bin/../lib/gcc/arm-none-eabi/10.3.1/../../../../arm-none-eabi/lib/thumb/v7e-m+fp/hard\libc_nano.a(lib_a-exit.o)
                              f:/stm32cubeide_1.10.1/stm32cubeide/plugins/com.st.stm32cube.ide.mcu.externaltools.gnu-tools-for-stm32.10.3-2021.10.win32_1.0.0.202111181127/tools/bin/../lib/gcc/arm-none-eabi/10.3.1/../../../../arm-none-eabi/lib/thumb/v7e-m+fp/hard/crt0.o (exit)
f:/stm32cubeide_1.10.1/stm32cubeide/plugins/com.st.stm32cube.ide.mcu.externaltools.gnu-tools-for-stm32.10.3-2021.10.win32_1.0.0.202111181127/tools/bin/../lib/gcc/arm-none-eabi/10.3.1/../../../../arm-none-eabi/lib/thumb/v7e-m+fp/hard\libc_nano.a(lib_a-findfp.o)
                              ./Middlewares/Third_Party/FreeRTOS/Source/tasks.o (__sf_fake_stderr)
f:/stm32cubeide_1.10.1/stm32cubeide/plugins/com.st.stm32cube.ide.mcu.externaltools.gnu-tools-for-stm32.10.3-2021.10.win32_1.0.0.202111181127/tools/bin/../lib/gcc/arm-none-eabi/10.3.1/../../../../arm-none-eabi/lib/thumb/v7e-m+fp/hard\libc_nano.a(lib_a-fwalk.o)
                              f:/stm32cubeide_1.10.1/stm32cubeide/plugins/com.st.stm32cube.ide.mcu.externaltools.gnu-tools-for-stm32.10.3-2021.10.win32_1.0.0.202111181127/tools/bin/../lib/gcc/arm-none-eabi/10.3.1/../../../../arm-none-eabi/lib/thumb/v7e-m+fp/hard\libc_nano.a(lib_a-findfp.o) (_fwalk)
f:/stm32cubeide_1.10.1/stm32cubeide/plugins/com.st.stm32cube.ide.mcu.externaltools.gnu-tools-for-stm32.10.3-2021.10.win32_1.0.0.202111181127/tools/bin/../lib/gcc/arm-none-eabi/10.3.1/../../../../arm-none-eabi/lib/thumb/v7e-m+fp/hard\libc_nano.a(lib_a-impure.o)
                              f:/stm32cubeide_1.10.1/stm32cubeide/plugins/com.st.stm32cube.ide.mcu.externaltools.gnu-tools-for-stm32.10.3-2021.10.win32_1.0.0.202111181127/tools/bin/../lib/gcc/arm-none-eabi/10.3.1/../../../../arm-none-eabi/lib/thumb/v7e-m+fp/hard\libc_nano.a(lib_a-exit.o) (_global_impure_ptr)
f:/stm32cubeide_1.10.1/stm32cubeide/plugins/com.st.stm32cube.ide.mcu.externaltools.gnu-tools-for-stm32.10.3-2021.10.win32_1.0.0.202111181127/tools/bin/../lib/gcc/arm-none-eabi/10.3.1/../../../../arm-none-eabi/lib/thumb/v7e-m+fp/hard\libc_nano.a(lib_a-init.o)
                              f:/stm32cubeide_1.10.1/stm32cubeide/plugins/com.st.stm32cube.ide.mcu.externaltools.gnu-tools-for-stm32.10.3-2021.10.win32_1.0.0.202111181127/tools/bin/../lib/gcc/arm-none-eabi/10.3.1/../../../../arm-none-eabi/lib/thumb/v7e-m+fp/hard/crt0.o (__libc_init_array)
f:/stm32cubeide_1.10.1/stm32cubeide/plugins/com.st.stm32cube.ide.mcu.externaltools.gnu-tools-for-stm32.10.3-2021.10.win32_1.0.0.202111181127/tools/bin/../lib/gcc/arm-none-eabi/10.3.1/../../../../arm-none-eabi/lib/thumb/v7e-m+fp/hard\libc_nano.a(lib_a-lock.o)
                              f:/stm32cubeide_1.10.1/stm32cubeide/plugins/com.st.stm32cube.ide.mcu.externaltools.gnu-tools-for-stm32.10.3-2021.10.win32_1.0.0.202111181127/tools/bin/../lib/gcc/arm-none-eabi/10.3.1/../../../../arm-none-eabi/lib/thumb/v7e-m+fp/hard\libc_nano.a(lib_a-findfp.o) (__retarget_lock_init_recursive)
f:/stm32cubeide_1.10.1/stm32cubeide/plugins/com.st.stm32cube.ide.mcu.externaltools.gnu-tools-for-stm32.10.3-2021.10.win32_1.0.0.202111181127/tools/bin/../lib/gcc/arm-none-eabi/10.3.1/../../../../arm-none-eabi/lib/thumb/v7e-m+fp/hard\libc_nano.a(lib_a-malloc.o)
                              ./Core/Src/main.o (malloc)
f:/stm32cubeide_1.10.1/stm32cubeide/plugins/com.st.stm32cube.ide.mcu.externaltools.gnu-tools-for-stm32.10.3-2021.10.win32_1.0.0.202111181127/tools/bin/../lib/gcc/arm-none-eabi/10.3.1/../../../../arm-none-eabi/lib/thumb/v7e-m+fp/hard\libc_nano.a(lib_a-memcpy-stub.o)
                              ./Middlewares/Third_Party/FreeRTOS/Source/CMSIS_RTOS_V2/cmsis_os2.o (memcpy)
f:/stm32cubeide_1.10.1/stm32cubeide/plugins/com.st.stm32cube.ide.mcu.externaltools.gnu-tools-for-stm32.10.3-2021.10.win32_1.0.0.202111181127/tools/bin/../lib/gcc/arm-none-eabi/10.3.1/../../../../arm-none-eabi/lib/thumb/v7e-m+fp/hard\libc_nano.a(lib_a-memset.o)
                              f:/stm32cubeide_1.10.1/stm32cubeide/plugins/com.st.stm32cube.ide.mcu.externaltools.gnu-tools-for-stm32.10.3-2021.10.win32_1.0.0.202111181127/tools/bin/../lib/gcc/arm-none-eabi/10.3.1/../../../../arm-none-eabi/lib/thumb/v7e-m+fp/hard/crt0.o (memset)
[...]
Memory Configuration

Name             Origin             Length             Attributes
RAM              0x0000000020000000 0x0000000000010000 xrw
FLASH            0x0000000008000000 0x0000000000040000 xr
*default*        0x0000000000000000 0xffffffffffffffff

Linker script and memory map

LOAD f:/stm32cubeide_1.10.1/stm32cubeide/plugins/com.st.stm32cube.ide.mcu.externaltools.gnu-tools-for-stm32.10.3-2021.10.win32_1.0.0.202111181127/tools/bin/../lib/gcc/arm-none-eabi/10.3.1/thumb/v7e-m+fp/hard/crti.o
LOAD f:/stm32cubeide_1.10.1/stm32cubeide/plugins/com.st.stm32cube.ide.mcu.externaltools.gnu-tools-for-stm32.10.3-2021.10.win32_1.0.0.202111181127/tools/bin/../lib/gcc/arm-none-eabi/10.3.1/thumb/v7e-m+fp/hard/crtbegin.o
LOAD f:/stm32cubeide_1.10.1/stm32cubeide/plugins/com.st.stm32cube.ide.mcu.externaltools.gnu-tools-for-stm32.10.3-2021.10.win32_1.0.0.202111181127/tools/bin/../lib/gcc/arm-none-eabi/10.3.1/../../../../arm-none-eabi/lib/thumb/v7e-m+fp/hard/crt0.o
LOAD ./Core/Src/font.o
LOAD ./Core/Src/freertos.o
LOAD ./Core/Src/lcd.o
LOAD ./Core/Src/main.o
LOAD ./Core/Src/stm32f4xx_hal_msp.o
LOAD ./Core/Src/stm32f4xx_it.o
LOAD ./Core/Src/syscalls.o
LOAD ./Core/Src/sysmem.o
LOAD ./Core/Src/system_stm32f4xx.o
LOAD ./Core/Startup/startup_stm32f401ccux.o
LOAD ./Drivers/STM32F4xx_HAL_Driver/Src/stm32f4xx_hal.o
LOAD ./Drivers/STM32F4xx_HAL_Driver/Src/stm32f4xx_hal_adc.o
LOAD ./Drivers/STM32F4xx_HAL_Driver/Src/stm32f4xx_hal_adc_ex.o
LOAD ./Drivers/STM32F4xx_HAL_Driver/Src/stm32f4xx_hal_cortex.o
LOAD ./Drivers/STM32F4xx_HAL_Driver/Src/stm32f4xx_hal_dma.o
LOAD ./Drivers/STM32F4xx_HAL_Driver/Src/stm32f4xx_hal_dma_ex.o
LOAD ./Drivers/STM32F4xx_HAL_Driver/Src/stm32f4xx_hal_exti.o
LOAD ./Drivers/STM32F4xx_HAL_Driver/Src/stm32f4xx_hal_flash.o
LOAD ./Drivers/STM32F4xx_HAL_Driver/Src/stm32f4xx_hal_flash_ex.o
LOAD ./Drivers/STM32F4xx_HAL_Driver/Src/stm32f4xx_hal_flash_ramfunc.o
LOAD ./Drivers/STM32F4xx_HAL_Driver/Src/stm32f4xx_hal_gpio.o
LOAD ./Drivers/STM32F4xx_HAL_Driver/Src/stm32f4xx_hal_pwr.o
LOAD ./Drivers/STM32F4xx_HAL_Driver/Src/stm32f4xx_hal_pwr_ex.o
LOAD ./Drivers/STM32F4xx_HAL_Driver/Src/stm32f4xx_hal_rcc.o
LOAD ./Drivers/STM32F4xx_HAL_Driver/Src/stm32f4xx_hal_rcc_ex.o
LOAD ./Drivers/STM32F4xx_HAL_Driver/Src/stm32f4xx_hal_spi.o
LOAD ./Drivers/STM32F4xx_HAL_Driver/Src/stm32f4xx_hal_tim.o
LOAD ./Drivers/STM32F4xx_HAL_Driver/Src/stm32f4xx_hal_tim_ex.o
LOAD ./Drivers/STM32F4xx_HAL_Driver/Src/stm32f4xx_ll_adc.o
LOAD ./Middlewares/Third_Party/FreeRTOS/Source/CMSIS_RTOS_V2/cmsis_os2.o
LOAD ./Middlewares/Third_Party/FreeRTOS/Source/croutine.o
LOAD ./Middlewares/Third_Party/FreeRTOS/Source/event_groups.o
LOAD ./Middlewares/Third_Party/FreeRTOS/Source/list.o
LOAD ./Middlewares/Third_Party/FreeRTOS/Source/queue.o
LOAD ./Middlewares/Third_Party/FreeRTOS/Source/stream_buffer.o
LOAD ./Middlewares/Third_Party/FreeRTOS/Source/tasks.o
LOAD ./Middlewares/Third_Party/FreeRTOS/Source/timers.o
LOAD ./Middlewares/Third_Party/FreeRTOS/Source/portable/GCC/ARM_CM4F/port.o
LOAD ./Middlewares/Third_Party/FreeRTOS/Source/portable/MemMang/heap_4.o
START GROUP
LOAD f:/stm32cubeide_1.10.1/stm32cubeide/plugins/com.st.stm32cube.ide.mcu.externaltools.gnu-tools-for-stm32.10.3-2021.10.win32_1.0.0.202111181127/tools/bin/../lib/gcc/arm-none-eabi/10.3.1/../../../../arm-none-eabi/lib/thumb/v7e-m+fp/hard\libc_nano.a
LOAD f:/stm32cubeide_1.10.1/stm32cubeide/plugins/com.st.stm32cube.ide.mcu.externaltools.gnu-tools-for-stm32.10.3-2021.10.win32_1.0.0.202111181127/tools/bin/../lib/gcc/arm-none-eabi/10.3.1/../../../../arm-none-eabi/lib/thumb/v7e-m+fp/hard\libm.a
END GROUP
START GROUP
LOAD f:/stm32cubeide_1.10.1/stm32cubeide/plugins/com.st.stm32cube.ide.mcu.externaltools.gnu-tools-for-stm32.10.3-2021.10.win32_1.0.0.202111181127/tools/bin/../lib/gcc/arm-none-eabi/10.3.1/thumb/v7e-m+fp/hard\libgcc.a
LOAD f:/stm32cubeide_1.10.1/stm32cubeide/plugins/com.st.stm32cube.ide.mcu.externaltools.gnu-tools-for-stm32.10.3-2021.10.win32_1.0.0.202111181127/tools/bin/../lib/gcc/arm-none-eabi/10.3.1/../../../../arm-none-eabi/lib/thumb/v7e-m+fp/hard\libc_nano.a
END GROUP
START GROUP
LOAD f:/stm32cubeide_1.10.1/stm32cubeide/plugins/com.st.stm32cube.ide.mcu.externaltools.gnu-tools-for-stm32.10.3-2021.10.win32_1.0.0.202111181127/tools/bin/../lib/gcc/arm-none-eabi/10.3.1/thumb/v7e-m+fp/hard\libgcc.a
LOAD f:/stm32cubeide_1.10.1/stm32cubeide/plugins/com.st.stm32cube.ide.mcu.externaltools.gnu-tools-for-stm32.10.3-2021.10.win32_1.0.0.202111181127/tools/bin/../lib/gcc/arm-none-eabi/10.3.1/../../../../arm-none-eabi/lib/thumb/v7e-m+fp/hard\libc_nano.a
LOAD f:/stm32cubeide_1.10.1/stm32cubeide/plugins/com.st.stm32cube.ide.mcu.externaltools.gnu-tools-for-stm32.10.3-2021.10.win32_1.0.0.202111181127/tools/bin/../lib/gcc/arm-none-eabi/10.3.1/../../../../arm-none-eabi/lib/thumb/v7e-m+fp/hard\libnosys.a
END GROUP
START GROUP
LOAD f:/stm32cubeide_1.10.1/stm32cubeide/plugins/com.st.stm32cube.ide.mcu.externaltools.gnu-tools-for-stm32.10.3-2021.10.win32_1.0.0.202111181127/tools/bin/../lib/gcc/arm-none-eabi/10.3.1/thumb/v7e-m+fp/hard\libgcc.a
LOAD f:/stm32cubeide_1.10.1/stm32cubeide/plugins/com.st.stm32cube.ide.mcu.externaltools.gnu-tools-for-stm32.10.3-2021.10.win32_1.0.0.202111181127/tools/bin/../lib/gcc/arm-none-eabi/10.3.1/../../../../arm-none-eabi/lib/thumb/v7e-m+fp/hard\libc_nano.a
LOAD f:/stm32cubeide_1.10.1/stm32cubeide/plugins/com.st.stm32cube.ide.mcu.externaltools.gnu-tools-for-stm32.10.3-2021.10.win32_1.0.0.202111181127/tools/bin/../lib/gcc/arm-none-eabi/10.3.1/../../../../arm-none-eabi/lib/thumb/v7e-m+fp/hard\libnosys.a
END GROUP
LOAD f:/stm32cubeide_1.10.1/stm32cubeide/plugins/com.st.stm32cube.ide.mcu.externaltools.gnu-tools-for-stm32.10.3-2021.10.win32_1.0.0.202111181127/tools/bin/../lib/gcc/arm-none-eabi/10.3.1/thumb/v7e-m+fp/hard/crtend.o
LOAD f:/stm32cubeide_1.10.1/stm32cubeide/plugins/com.st.stm32cube.ide.mcu.externaltools.gnu-tools-for-stm32.10.3-2021.10.win32_1.0.0.202111181127/tools/bin/../lib/gcc/arm-none-eabi/10.3.1/thumb/v7e-m+fp/hard/crtn.o
                0x0000000020010000                _estack = (ORIGIN (RAM) + LENGTH (RAM))
                0x0000000000000200                _Min_Heap_Size = 0x200
                0x0000000000000400                _Min_Stack_Size = 0x400

.isr_vector     0x0000000008000000      0x194
                0x0000000008000000                . = ALIGN (0x4)
 *(.isr_vector)
 .isr_vector    0x0000000008000000      0x194 ./Core/Startup/startup_stm32f401ccux.o
                0x0000000008000000                g_pfnVectors
                0x0000000008000194                . = ALIGN (0x4)

.text           0x00000000080001a0     0x8434
                0x00000000080001a0                . = ALIGN (0x4)
 *(.text)
 .text          0x00000000080001a0       0x40 f:/stm32cubeide_1.10.1/stm32cubeide/plugins/com.st.stm32cube.ide.mcu.externaltools.gnu-tools-for-stm32.10.3-2021.10.win32_1.0.0.202111181127/tools/bin/../lib/gcc/arm-none-eabi/10.3.1/thumb/v7e-m+fp/hard/crtbegin.o
 .text          0x00000000080001e0       0xa0 f:/stm32cubeide_1.10.1/stm32cubeide/plugins/com.st.stm32cube.ide.mcu.externaltools.gnu-tools-for-stm32.10.3-2021.10.win32_1.0.0.202111181127/tools/bin/../lib/gcc/arm-none-eabi/10.3.1/../../../../arm-none-eabi/lib/thumb/v7e-m+fp/hard\libc_nano.a(lib_a-memchr.o)
                0x00000000080001e0                memchr
 .text          0x0000000008000280       0x30 f:/stm32cubeide_1.10.1/stm32cubeide/plugins/com.st.stm32cube.ide.mcu.externaltools.gnu-tools-for-stm32.10.3-2021.10.win32_1.0.0.202111181127/tools/bin/../lib/gcc/arm-none-eabi/10.3.1/thumb/v7e-m+fp/hard\libgcc.a(_aeabi_uldivmod.o)
                0x0000000008000280                __aeabi_uldivmod
 .text          0x00000000080002b0      0x2d0 f:/stm32cubeide_1.10.1/stm32cubeide/plugins/com.st.stm32cube.ide.mcu.externaltools.gnu-tools-for-stm32.10.3-2021.10.win32_1.0.0.202111181127/tools/bin/../lib/gcc/arm-none-eabi/10.3.1/thumb/v7e-m+fp/hard\libgcc.a(_udivmoddi4.o)
                0x00000000080002b0                __udivmoddi4
 .text          0x0000000008000580        0x4 f:/stm32cubeide_1.10.1/stm32cubeide/plugins/com.st.stm32cube.ide.mcu.externaltools.gnu-tools-for-stm32.10.3-2021.10.win32_1.0.0.202111181127/tools/bin/../lib/gcc/arm-none-eabi/10.3.1/thumb/v7e-m+fp/hard\libgcc.a(_dvmd_tls.o)
                0x0000000008000580                __aeabi_idiv0
                0x0000000008000580                __aeabi_ldiv0
 *(.text*)
 .text.lcd_start_write
                0x0000000008000584       0x18 ./Core/Src/lcd.o
 .text.lcd_end_write
                0x000000000800059c       0x18 ./Core/Src/lcd.o
 .text.lcd_start_command
                0x00000000080005b4       0x18 ./Core/Src/lcd.o
 .text.lcd_start_data
                0x00000000080005cc       0x18 ./Core/Src/lcd.o
 .text.lcd_spi_send_com
                0x00000000080005e4       0x34 ./Core/Src/lcd.o
 .text.lcd_spi_send_data
                0x0000000008000618       0x3c ./Core/Src/lcd.o
 .text.lcd_set_window
                0x0000000008000654       0xcc ./Core/Src/lcd.o
 .text.lcd_init
                0x0000000008000720       0xdc ./Core/Src/lcd.o
                0x0000000008000720                lcd_init
 .text.lcd_set_rotation
                0x00000000080007fc      0x108 ./Core/Src/lcd.o
                0x00000000080007fc                lcd_set_rotation
 .text.lcd_pixel
                0x0000000008000904       0x80 ./Core/Src/lcd.o
                0x0000000008000904                lcd_pixel
 .text.lcd_vline
                0x0000000008000984       0x64 ./Core/Src/lcd.o
                0x0000000008000984                lcd_vline
 .text.lcd_fill_rect
                0x00000000080009e8       0xcc ./Core/Src/lcd.o
                0x00000000080009e8                lcd_fill_rect
 .text.lcd_fill
                0x0000000008000ab4       0x34 ./Core/Src/lcd.o
                0x0000000008000ab4                lcd_fill
 .text.lcd_line
                0x0000000008000ae8      0x144 ./Core/Src/lcd.o
                0x0000000008000ae8                lcd_line
 .text.lcd_fill_circle
                0x0000000008000c2c      0x15e ./Core/Src/lcd.o
                0x0000000008000c2c                lcd_fill_circle
 *fill*         0x0000000008000d8a        0x2 
 .text.main     0x0000000008000d8c       0xd8 ./Core/Src/main.o
                0x0000000008000d8c                main
 .text.SystemClock_Config
                0x0000000008000e64       0xd4 ./Core/Src/main.o
                0x0000000008000e64                SystemClock_Config
 .text.MX_ADC1_Init
                0x0000000008000f38       0xa4 ./Core/Src/main.o
 .text.MX_SPI1_Init
                0x0000000008000fdc       0x6c ./Core/Src/main.o
 .text.MX_TIM9_Init
                0x0000000008001048       0x74 ./Core/Src/main.o
 .text.MX_GPIO_Init
                0x00000000080010bc       0xdc ./Core/Src/main.o
 .text.addQueueFrame
                0x0000000008001198       0x80 ./Core/Src/main.o
                0x0000000008001198                addQueueFrame
 .text.delQueueFrame
                0x0000000008001218       0xa8 ./Core/Src/main.o
                0x0000000008001218                delQueueFrame
 .text.protagonistDraw
                0x00000000080012c0      0x13c ./Core/Src/main.o
                0x00000000080012c0                protagonistDraw
 .text.bulletDraw
                0x00000000080013fc       0x8c ./Core/Src/main.o
                0x00000000080013fc                bulletDraw
 .text.mobDraw  0x0000000008001488       0xb4 ./Core/Src/main.o
                0x0000000008001488                mobDraw
 .text.collisionFinder
                0x000000000800153c       0xd4 ./Core/Src/main.o
                0x000000000800153c                collisionFinder
 .text.HAL_GPIO_EXTI_Callback
                0x0000000008001610       0x5c ./Core/Src/main.o
                0x0000000008001610                HAL_GPIO_EXTI_Callback
 .text.HAL_TIM_PeriodElapsedCallback
                0x000000000800166c      0x140 ./Core/Src/main.o
                0x000000000800166c                HAL_TIM_PeriodElapsedCallback
 .text.StartDraw
                0x00000000080017ac       0x50 ./Core/Src/main.o
                0x00000000080017ac                StartDraw
 .text.StartControl
                0x00000000080017fc       0x54 ./Core/Src/main.o
                0x00000000080017fc                StartControl
 .text.Error_Handler
                0x0000000008001850        0xa ./Core/Src/main.o
                0x0000000008001850                Error_Handler
 *fill*         0x000000000800185a        0x2 
 .text.HAL_MspInit
                0x000000000800185c       0x58 ./Core/Src/stm32f4xx_hal_msp.o
                0x000000000800185c                HAL_MspInit
 .text.HAL_ADC_MspInit
                0x00000000080018b4       0x88 ./Core/Src/stm32f4xx_hal_msp.o
                0x00000000080018b4                HAL_ADC_MspInit
 .text.HAL_SPI_MspInit
                0x000000000800193c       0x90 ./Core/Src/stm32f4xx_hal_msp.o
                0x000000000800193c                HAL_SPI_MspInit
 .text.HAL_TIM_Base_MspInit
                0x00000000080019cc       0x50 ./Core/Src/stm32f4xx_hal_msp.o
                0x00000000080019cc                HAL_TIM_Base_MspInit
 .text.NMI_Handler
                0x0000000008001a1c        0x6 ./Core/Src/stm32f4xx_it.o
                0x0000000008001a1c                NMI_Handler
 .text.HardFault_Handler
                0x0000000008001a22        0x6 ./Core/Src/stm32f4xx_it.o
                0x0000000008001a22                HardFault_Handler
 .text.MemManage_Handler
                0x0000000008001a28        0x6 ./Core/Src/stm32f4xx_it.o
                0x0000000008001a28                MemManage_Handler
 .text.BusFault_Handler
                0x0000000008001a2e        0x6 ./Core/Src/stm32f4xx_it.o
                0x0000000008001a2e                BusFault_Handler
 .text.UsageFault_Handler
                0x0000000008001a34        0x6 ./Core/Src/stm32f4xx_it.o
                0x0000000008001a34                UsageFault_Handler
 .text.DebugMon_Handler
                0x0000000008001a3a        0xe ./Core/Src/stm32f4xx_it.o
                0x0000000008001a3a                DebugMon_Handler
 .text.SysTick_Handler
                0x0000000008001a48       0x1a ./Core/Src/stm32f4xx_it.o
                0x0000000008001a48                SysTick_Handler
 *fill*         0x0000000008001a62        0x2 
 .text.TIM1_BRK_TIM9_IRQHandler
                0x0000000008001a64       0x14 ./Core/Src/stm32f4xx_it.o
                0x0000000008001a64                TIM1_BRK_TIM9_IRQHandler
 .text.EXTI15_10_IRQHandler
                0x0000000008001a78       0x10 ./Core/Src/stm32f4xx_it.o
                0x0000000008001a78                EXTI15_10_IRQHandler
 .text._getpid  0x0000000008001a88       0x10 ./Core/Src/syscalls.o
                0x0000000008001a88                _getpid
 .text._kill    0x0000000008001a98       0x20 ./Core/Src/syscalls.o
                0x0000000008001a98                _kill
 .text._exit    0x0000000008001ab8       0x14 ./Core/Src/syscalls.o
                0x0000000008001ab8                _exit
 .text._read    0x0000000008001acc       0x3a ./Core/Src/syscalls.o
                0x0000000008001acc                _read
 .text._write   0x0000000008001b06       0x38 ./Core/Src/syscalls.o
                0x0000000008001b06                _write
 .text._close   0x0000000008001b3e       0x18 ./Core/Src/syscalls.o
                0x0000000008001b3e                _close
 .text._fstat   0x0000000008001b56       0x20 ./Core/Src/syscalls.o
                0x0000000008001b56                _fstat
 .text._isatty  0x0000000008001b76       0x16 ./Core/Src/syscalls.o
                0x0000000008001b76                _isatty
 .text._lseek   0x0000000008001b8c       0x1a ./Core/Src/syscalls.o
                0x0000000008001b8c                _lseek
 *fill*         0x0000000008001ba6        0x2 
 .text._sbrk    0x0000000008001ba8       0x6c ./Core/Src/sysmem.o
                0x0000000008001ba8                _sbrk
 .text.SystemInit
                0x0000000008001c14       0x24 ./Core/Src/system_stm32f4xx.o
                0x0000000008001c14                SystemInit
 .text.Reset_Handler
                0x0000000008001c38       0x50 ./Core/Startup/startup_stm32f401ccux.o
                0x0000000008001c38                Reset_Handler
 .text.Default_Handler
                0x0000000008001c88        0x2 ./Core/Startup/startup_stm32f401ccux.o
                0x0000000008001c88                RTC_Alarm_IRQHandler
                0x0000000008001c88                EXTI2_IRQHandler
                0x0000000008001c88                SPI4_IRQHandler
                0x0000000008001c88                TIM1_CC_IRQHandler
                0x0000000008001c88                DMA2_Stream5_IRQHandler
                0x0000000008001c88                DMA1_Stream5_IRQHandler
                0x0000000008001c88                PVD_IRQHandler
                0x0000000008001c88                SDIO_IRQHandler
                0x0000000008001c88                TAMP_STAMP_IRQHandler
                0x0000000008001c88                EXTI3_IRQHandler
                0x0000000008001c88                TIM1_UP_TIM10_IRQHandler
                0x0000000008001c88                I2C3_ER_IRQHandler
                0x0000000008001c88                EXTI0_IRQHandler
                0x0000000008001c88                I2C2_EV_IRQHandler
                0x0000000008001c88                DMA1_Stream2_IRQHandler
                0x0000000008001c88                FPU_IRQHandler
                0x0000000008001c88                DMA2_Stream2_IRQHandler
                0x0000000008001c88                SPI1_IRQHandler
                0x0000000008001c88                DMA2_Stream3_IRQHandler
                0x0000000008001c88                USART6_IRQHandler
                0x0000000008001c88                DMA2_Stream0_IRQHandler
                0x0000000008001c88                TIM4_IRQHandler
                0x0000000008001c88                I2C1_EV_IRQHandler
                0x0000000008001c88                DMA1_Stream6_IRQHandler
                0x0000000008001c88                DMA1_Stream1_IRQHandler
                0x0000000008001c88                TIM3_IRQHandler
                0x0000000008001c88                RCC_IRQHandler
                0x0000000008001c88                Default_Handler
                0x0000000008001c88                ADC_IRQHandler
                0x0000000008001c88                DMA1_Stream7_IRQHandler
                0x0000000008001c88                TIM5_IRQHandler
                0x0000000008001c88                DMA2_Stream7_IRQHandler
                0x0000000008001c88                I2C3_EV_IRQHandler
                0x0000000008001c88                EXTI9_5_IRQHandler
                0x0000000008001c88                RTC_WKUP_IRQHandler
                0x0000000008001c88                SPI2_IRQHandler
                0x0000000008001c88                DMA1_Stream0_IRQHandler
                0x0000000008001c88                EXTI4_IRQHandler
                0x0000000008001c88                WWDG_IRQHandler
                0x0000000008001c88                TIM2_IRQHandler
                0x0000000008001c88                OTG_FS_WKUP_IRQHandler
                0x0000000008001c88                TIM1_TRG_COM_TIM11_IRQHandler
                0x0000000008001c88                EXTI1_IRQHandler
                0x0000000008001c88                USART2_IRQHandler
                0x0000000008001c88                I2C2_ER_IRQHandler
                0x0000000008001c88                DMA2_Stream1_IRQHandler
                0x0000000008001c88                FLASH_IRQHandler
                0x0000000008001c88                DMA2_Stream4_IRQHandler
                0x0000000008001c88                USART1_IRQHandler
                0x0000000008001c88                OTG_FS_IRQHandler
                0x0000000008001c88                SPI3_IRQHandler
                0x0000000008001c88                DMA1_Stream4_IRQHandler
                0x0000000008001c88                I2C1_ER_IRQHandler
                0x0000000008001c88                DMA2_Stream6_IRQHandler
                0x0000000008001c88                DMA1_Stream3_IRQHandler
 *fill*         0x0000000008001c8a        0x2 
 .text.HAL_Init
                0x0000000008001c8c       0x44 ./Drivers/STM32F4xx_HAL_Driver/Src/stm32f4xx_hal.o
                0x0000000008001c8c                HAL_Init
 .text.HAL_InitTick
                0x0000000008001cd0       0x60 ./Drivers/STM32F4xx_HAL_Driver/Src/stm32f4xx_hal.o
                0x0000000008001cd0                HAL_InitTick
 .text.HAL_IncTick
                0x0000000008001d30       0x28 ./Drivers/STM32F4xx_HAL_Driver/Src/stm32f4xx_hal.o
                0x0000000008001d30                HAL_IncTick
 .text.HAL_GetTick
                0x0000000008001d58       0x18 ./Drivers/STM32F4xx_HAL_Driver/Src/stm32f4xx_hal.o
                0x0000000008001d58                HAL_GetTick
 .text.HAL_Delay
                0x0000000008001d70       0x48 ./Drivers/STM32F4xx_HAL_Driver/Src/stm32f4xx_hal.o
                0x0000000008001d70                HAL_Delay
 .text.HAL_ADC_Init
                0x0000000008001db8       0x86 ./Drivers/STM32F4xx_HAL_Driver/Src/stm32f4xx_hal_adc.o
                0x0000000008001db8                HAL_ADC_Init
 .text.HAL_ADC_PollForConversion
                0x0000000008001e3e      0x116 ./Drivers/STM32F4xx_HAL_Driver/Src/stm32f4xx_hal_adc.o
                0x0000000008001e3e                HAL_ADC_PollForConversion
 .text.HAL_ADC_Start_IT
                0x0000000008001f54      0x17c ./Drivers/STM32F4xx_HAL_Driver/Src/stm32f4xx_hal_adc.o
                0x0000000008001f54                HAL_ADC_Start_IT
 .text.HAL_ADC_GetValue
                0x00000000080020d0       0x1a ./Drivers/STM32F4xx_HAL_Driver/Src/stm32f4xx_hal_adc.o
                0x00000000080020d0                HAL_ADC_GetValue
 *fill*         0x00000000080020ea        0x2 
 .text.HAL_ADC_ConfigChannel
                0x00000000080020ec      0x244 ./Drivers/STM32F4xx_HAL_Driver/Src/stm32f4xx_hal_adc.o
                0x00000000080020ec                HAL_ADC_ConfigChannel
 .text.ADC_Init
                0x0000000008002330      0x1f8 ./Drivers/STM32F4xx_HAL_Driver/Src/stm32f4xx_hal_adc.o
 .text.__NVIC_SetPriorityGrouping
                0x0000000008002528       0x48 ./Drivers/STM32F4xx_HAL_Driver/Src/stm32f4xx_hal_cortex.o
 .text.__NVIC_GetPriorityGrouping
                0x0000000008002570       0x1c ./Drivers/STM32F4xx_HAL_Driver/Src/stm32f4xx_hal_cortex.o
 .text.__NVIC_EnableIRQ
                0x000000000800258c       0x3c ./Drivers/STM32F4xx_HAL_Driver/Src/stm32f4xx_hal_cortex.o
 .text.__NVIC_SetPriority
                0x00000000080025c8       0x54 ./Drivers/STM32F4xx_HAL_Driver/Src/stm32f4xx_hal_cortex.o
 .text.NVIC_EncodePriority
                0x000000000800261c       0x66 ./Drivers/STM32F4xx_HAL_Driver/Src/stm32f4xx_hal_cortex.o
 *fill*         0x0000000008002682        0x2 
 .text.SysTick_Config
                0x0000000008002684       0x44 ./Drivers/STM32F4xx_HAL_Driver/Src/stm32f4xx_hal_cortex.o
 .text.HAL_NVIC_SetPriorityGrouping
                0x00000000080026c8       0x16 ./Drivers/STM32F4xx_HAL_Driver/Src/stm32f4xx_hal_cortex.o
                0x00000000080026c8                HAL_NVIC_SetPriorityGrouping
 .text.HAL_NVIC_SetPriority
                0x00000000080026de       0x38 ./Drivers/STM32F4xx_HAL_Driver/Src/stm32f4xx_hal_cortex.o
                0x00000000080026de                HAL_NVIC_SetPriority
 .text.HAL_NVIC_EnableIRQ
                0x0000000008002716       0x1c ./Drivers/STM32F4xx_HAL_Driver/Src/stm32f4xx_hal_cortex.o
                0x0000000008002716                HAL_NVIC_EnableIRQ
 .text.HAL_SYSTICK_Config
                0x0000000008002732       0x18 ./Drivers/STM32F4xx_HAL_Driver/Src/stm32f4xx_hal_cortex.o
                0x0000000008002732                HAL_SYSTICK_Config
 *fill*         0x000000000800274a        0x2 
 .text.HAL_GPIO_Init
                0x000000000800274c      0x308 ./Drivers/STM32F4xx_HAL_Driver/Src/stm32f4xx_hal_gpio.o
                0x000000000800274c                HAL_GPIO_Init
 .text.HAL_GPIO_WritePin
                0x0000000008002a54       0x32 ./Drivers/STM32F4xx_HAL_Driver/Src/stm32f4xx_hal_gpio.o
                0x0000000008002a54                HAL_GPIO_WritePin
 *fill*         0x0000000008002a86        0x2 
 .text.HAL_GPIO_EXTI_IRQHandler
                0x0000000008002a88       0x30 ./Drivers/STM32F4xx_HAL_Driver/Src/stm32f4xx_hal_gpio.o
                0x0000000008002a88                HAL_GPIO_EXTI_IRQHandler
 .text.HAL_RCC_OscConfig
                0x0000000008002ab8      0x4f0 ./Drivers/STM32F4xx_HAL_Driver/Src/stm32f4xx_hal_rcc.o
                0x0000000008002ab8                HAL_RCC_OscConfig
 .text.HAL_RCC_ClockConfig
                0x0000000008002fa8      0x1cc ./Drivers/STM32F4xx_HAL_Driver/Src/stm32f4xx_hal_rcc.o
                0x0000000008002fa8                HAL_RCC_ClockConfig
 .text.HAL_RCC_GetSysClockFreq
                0x0000000008003174      0x18c ./Drivers/STM32F4xx_HAL_Driver/Src/stm32f4xx_hal_rcc.o
                0x0000000008003174                HAL_RCC_GetSysClockFreq
 .text.HAL_SPI_Init
                0x0000000008003300      0x112 ./Drivers/STM32F4xx_HAL_Driver/Src/stm32f4xx_hal_spi.o
                0x0000000008003300                HAL_SPI_Init
 .text.HAL_SPI_Transmit
                0x0000000008003412      0x278 ./Drivers/STM32F4xx_HAL_Driver/Src/stm32f4xx_hal_spi.o
                0x0000000008003412                HAL_SPI_Transmit
 *fill*         0x000000000800368a        0x2 
 .text.SPI_WaitFlagStateUntilTimeout
                0x000000000800368c      0x110 ./Drivers/STM32F4xx_HAL_Driver/Src/stm32f4xx_hal_spi.o
 .text.SPI_EndRxTxTransaction
                0x000000000800379c       0x84 ./Drivers/STM32F4xx_HAL_Driver/Src/stm32f4xx_hal_spi.o
 .text.HAL_TIM_Base_Init
                0x0000000008003820       0x9e ./Drivers/STM32F4xx_HAL_Driver/Src/stm32f4xx_hal_tim.o
                0x0000000008003820                HAL_TIM_Base_Init
 *fill*         0x00000000080038be        0x2 
 .text.HAL_TIM_Base_Start_IT
                0x00000000080038c0       0xc4 ./Drivers/STM32F4xx_HAL_Driver/Src/stm32f4xx_hal_tim.o
                0x00000000080038c0                HAL_TIM_Base_Start_IT
 .text.HAL_TIM_IRQHandler
                0x0000000008003984      0x210 ./Drivers/STM32F4xx_HAL_Driver/Src/stm32f4xx_hal_tim.o
                0x0000000008003984                HAL_TIM_IRQHandler
 .text.HAL_TIM_ConfigClockSource
                0x0000000008003b94      0x18e ./Drivers/STM32F4xx_HAL_Driver/Src/stm32f4xx_hal_tim.o
                0x0000000008003b94                HAL_TIM_ConfigClockSource
 .text.HAL_TIM_OC_DelayElapsedCallback
                0x0000000008003d22       0x14 ./Drivers/STM32F4xx_HAL_Driver/Src/stm32f4xx_hal_tim.o
                0x0000000008003d22                HAL_TIM_OC_DelayElapsedCallback
 .text.HAL_TIM_IC_CaptureCallback
                0x0000000008003d36       0x14 ./Drivers/STM32F4xx_HAL_Driver/Src/stm32f4xx_hal_tim.o
                0x0000000008003d36                HAL_TIM_IC_CaptureCallback
 .text.HAL_TIM_PWM_PulseFinishedCallback
                0x0000000008003d4a       0x14 ./Drivers/STM32F4xx_HAL_Driver/Src/stm32f4xx_hal_tim.o
                0x0000000008003d4a                HAL_TIM_PWM_PulseFinishedCallback
 .text.HAL_TIM_TriggerCallback
                0x0000000008003d5e       0x14 ./Drivers/STM32F4xx_HAL_Driver/Src/stm32f4xx_hal_tim.o
                0x0000000008003d5e                HAL_TIM_TriggerCallback
 *fill*         0x0000000008003d72        0x2 
 .text.TIM_Base_SetConfig
                0x0000000008003d74      0x100 ./Drivers/STM32F4xx_HAL_Driver/Src/stm32f4xx_hal_tim.o
                0x0000000008003d74                TIM_Base_SetConfig
 .text.TIM_TI1_ConfigInputStage
                0x0000000008003e74       0x5e ./Drivers/STM32F4xx_HAL_Driver/Src/stm32f4xx_hal_tim.o
 .text.TIM_TI2_ConfigInputStage
                0x0000000008003ed2       0x60 ./Drivers/STM32F4xx_HAL_Driver/Src/stm32f4xx_hal_tim.o
 .text.TIM_ITRx_SetConfig
                0x0000000008003f32       0x36 ./Drivers/STM32F4xx_HAL_Driver/Src/stm32f4xx_hal_tim.o
 .text.TIM_ETR_SetConfig
                0x0000000008003f68       0x40 ./Drivers/STM32F4xx_HAL_Driver/Src/stm32f4xx_hal_tim.o
                0x0000000008003f68                TIM_ETR_SetConfig
 .text.HAL_TIMEx_CommutCallback
                0x0000000008003fa8       0x14 ./Drivers/STM32F4xx_HAL_Driver/Src/stm32f4xx_hal_tim_ex.o
                0x0000000008003fa8                HAL_TIMEx_CommutCallback
 .text.HAL_TIMEx_BreakCallback
                0x0000000008003fbc       0x14 ./Drivers/STM32F4xx_HAL_Driver/Src/stm32f4xx_hal_tim_ex.o
                0x0000000008003fbc                HAL_TIMEx_BreakCallback
 .text.__NVIC_SetPriority
                0x0000000008003fd0       0x54 ./Middlewares/Third_Party/FreeRTOS/Source/CMSIS_RTOS_V2/cmsis_os2.o
 .text.SVC_Setup
                0x0000000008004024       0x12 ./Middlewares/Third_Party/FreeRTOS/Source/CMSIS_RTOS_V2/cmsis_os2.o
 *fill*         0x0000000008004036        0x2 
 .text.osKernelInitialize
                0x0000000008004038       0x48 ./Middlewares/Third_Party/FreeRTOS/Source/CMSIS_RTOS_V2/cmsis_os2.o
                0x0000000008004038                osKernelInitialize
 .text.osKernelStart
                0x0000000008004080       0x4c ./Middlewares/Third_Party/FreeRTOS/Source/CMSIS_RTOS_V2/cmsis_os2.o
                0x0000000008004080                osKernelStart
 .text.osThreadNew
                0x00000000080040cc      0x124 ./Middlewares/Third_Party/FreeRTOS/Source/CMSIS_RTOS_V2/cmsis_os2.o
                0x00000000080040cc                osThreadNew
 .text.osDelay  0x00000000080041f0       0x36 ./Middlewares/Third_Party/FreeRTOS/Source/CMSIS_RTOS_V2/cmsis_os2.o
                0x00000000080041f0                osDelay
 .text.osMutexNew
                0x0000000008004226      0x10c ./Middlewares/Third_Party/FreeRTOS/Source/CMSIS_RTOS_V2/cmsis_os2.o
                0x0000000008004226                osMutexNew
 .text.osMutexAcquire
                0x0000000008004332       0x96 ./Middlewares/Third_Party/FreeRTOS/Source/CMSIS_RTOS_V2/cmsis_os2.o
                0x0000000008004332                osMutexAcquire
 .text.osMutexRelease
                0x00000000080043c8       0x7a ./Middlewares/Third_Party/FreeRTOS/Source/CMSIS_RTOS_V2/cmsis_os2.o
                0x00000000080043c8                osMutexRelease
 *fill*         0x0000000008004442        0x2 
 .text.vApplicationGetIdleTaskMemory
                0x0000000008004444       0x34 ./Middlewares/Third_Party/FreeRTOS/Source/CMSIS_RTOS_V2/cmsis_os2.o
                0x0000000008004444                vApplicationGetIdleTaskMemory
 .text.vApplicationGetTimerTaskMemory
                0x0000000008004478       0x34 ./Middlewares/Third_Party/FreeRTOS/Source/CMSIS_RTOS_V2/cmsis_os2.o
                0x0000000008004478                vApplicationGetTimerTaskMemory
 .text.vListInitialise
                0x00000000080044ac       0x40 ./Middlewares/Third_Party/FreeRTOS/Source/list.o
                0x00000000080044ac                vListInitialise
 .text.vListInitialiseItem
                0x00000000080044ec       0x1a ./Middlewares/Third_Party/FreeRTOS/Source/list.o
                0x00000000080044ec                vListInitialiseItem
 .text.vListInsertEnd
                0x0000000008004506       0x48 ./Middlewares/Third_Party/FreeRTOS/Source/list.o
                0x0000000008004506                vListInsertEnd
 .text.vListInsert
                0x000000000800454e       0x72 ./Middlewares/Third_Party/FreeRTOS/Source/list.o
                0x000000000800454e                vListInsert
 .text.uxListRemove
                0x00000000080045c0       0x54 ./Middlewares/Third_Party/FreeRTOS/Source/list.o
                0x00000000080045c0                uxListRemove
 .text.xQueueGenericReset
                0x0000000008004614       0xd0 ./Middlewares/Third_Party/FreeRTOS/Source/queue.o
                0x0000000008004614                xQueueGenericReset
 .text.xQueueGenericCreateStatic
                0x00000000080046e4       0xf0 ./Middlewares/Third_Party/FreeRTOS/Source/queue.o
                0x00000000080046e4                xQueueGenericCreateStatic
 .text.xQueueGenericCreate
                0x00000000080047d4       0x74 ./Middlewares/Third_Party/FreeRTOS/Source/queue.o
                0x00000000080047d4                xQueueGenericCreate
 .text.prvInitialiseNewQueue
                0x0000000008004848       0x46 ./Middlewares/Third_Party/FreeRTOS/Source/queue.o
 .text.prvInitialiseMutex
                0x000000000800488e       0x34 ./Middlewares/Third_Party/FreeRTOS/Source/queue.o
 .text.xQueueCreateMutex
                0x00000000080048c2       0x30 ./Middlewares/Third_Party/FreeRTOS/Source/queue.o
                0x00000000080048c2                xQueueCreateMutex
 .text.xQueueCreateMutexStatic
                0x00000000080048f2       0x36 ./Middlewares/Third_Party/FreeRTOS/Source/queue.o
                0x00000000080048f2                xQueueCreateMutexStatic
 .text.xQueueGiveMutexRecursive
                0x0000000008004928       0x68 ./Middlewares/Third_Party/FreeRTOS/Source/queue.o
                0x0000000008004928                xQueueGiveMutexRecursive
 .text.xQueueTakeMutexRecursive
                0x0000000008004990       0x6c ./Middlewares/Third_Party/FreeRTOS/Source/queue.o
                0x0000000008004990                xQueueTakeMutexRecursive
 .text.xQueueGenericSend
                0x00000000080049fc      0x1fc ./Middlewares/Third_Party/FreeRTOS/Source/queue.o
                0x00000000080049fc                xQueueGenericSend
 .text.xQueueGenericSendFromISR
                0x0000000008004bf8      0x136 ./Middlewares/Third_Party/FreeRTOS/Source/queue.o
                0x0000000008004bf8                xQueueGenericSendFromISR
 *fill*         0x0000000008004d2e        0x2 
 .text.xQueueReceive
                0x0000000008004d30      0x1c0 ./Middlewares/Third_Party/FreeRTOS/Source/queue.o
                0x0000000008004d30                xQueueReceive
 .text.xQueueSemaphoreTake
                0x0000000008004ef0      0x218 ./Middlewares/Third_Party/FreeRTOS/Source/queue.o
                0x0000000008004ef0                xQueueSemaphoreTake
 .text.prvGetDisinheritPriorityAfterTimeout
                0x0000000008005108       0x30 ./Middlewares/Third_Party/FreeRTOS/Source/queue.o
 .text.prvCopyDataToQueue
                0x0000000008005138       0xd4 ./Middlewares/Third_Party/FreeRTOS/Source/queue.o
 .text.prvCopyDataFromQueue
                0x000000000800520c       0x4c ./Middlewares/Third_Party/FreeRTOS/Source/queue.o
 .text.prvUnlockQueue
                0x0000000008005258       0xa4 ./Middlewares/Third_Party/FreeRTOS/Source/queue.o
 .text.prvIsQueueEmpty
                0x00000000080052fc       0x2c ./Middlewares/Third_Party/FreeRTOS/Source/queue.o
 .text.prvIsQueueFull
                0x0000000008005328       0x30 ./Middlewares/Third_Party/FreeRTOS/Source/queue.o
 .text.vQueueAddToRegistry
                0x0000000008005358       0x54 ./Middlewares/Third_Party/FreeRTOS/Source/queue.o
                0x0000000008005358                vQueueAddToRegistry
 .text.vQueueWaitForMessageRestricted
                0x00000000080053ac       0x68 ./Middlewares/Third_Party/FreeRTOS/Source/queue.o
                0x00000000080053ac                vQueueWaitForMessageRestricted
 .text.xTaskCreateStatic
                0x0000000008005414       0xba ./Middlewares/Third_Party/FreeRTOS/Source/tasks.o
                0x0000000008005414                xTaskCreateStatic
 .text.xTaskCreate
                0x00000000080054ce       0x8a ./Middlewares/Third_Party/FreeRTOS/Source/tasks.o
                0x00000000080054ce                xTaskCreate
 .text.prvInitialiseNewTask
                0x0000000008005558      0x14c ./Middlewares/Third_Party/FreeRTOS/Source/tasks.o
 .text.prvAddNewTaskToReadyList
                0x00000000080056a4       0xe0 ./Middlewares/Third_Party/FreeRTOS/Source/tasks.o
 .text.vTaskDelay
                0x0000000008005784       0x68 ./Middlewares/Third_Party/FreeRTOS/Source/tasks.o
                0x0000000008005784                vTaskDelay
 .text.vTaskStartScheduler
                0x00000000080057ec       0xe0 ./Middlewares/Third_Party/FreeRTOS/Source/tasks.o
                0x00000000080057ec                vTaskStartScheduler
 .text.vTaskSuspendAll
                0x00000000080058cc       0x1c ./Middlewares/Third_Party/FreeRTOS/Source/tasks.o
                0x00000000080058cc                vTaskSuspendAll
 .text.xTaskResumeAll
                0x00000000080058e8      0x13c ./Middlewares/Third_Party/FreeRTOS/Source/tasks.o
                0x00000000080058e8                xTaskResumeAll
 .text.xTaskGetTickCount
                0x0000000008005a24       0x20 ./Middlewares/Third_Party/FreeRTOS/Source/tasks.o
                0x0000000008005a24                xTaskGetTickCount
 .text.xTaskIncrementTick
                0x0000000008005a44      0x174 ./Middlewares/Third_Party/FreeRTOS/Source/tasks.o
                0x0000000008005a44                xTaskIncrementTick
 .text.vTaskSwitchContext
                0x0000000008005bb8       0xc8 ./Middlewares/Third_Party/FreeRTOS/Source/tasks.o
                0x0000000008005bb8                vTaskSwitchContext
 .text.vTaskPlaceOnEventList
                0x0000000008005c80       0x48 ./Middlewares/Third_Party/FreeRTOS/Source/tasks.o
                0x0000000008005c80                vTaskPlaceOnEventList
 .text.vTaskPlaceOnEventListRestricted
                0x0000000008005cc8       0x58 ./Middlewares/Third_Party/FreeRTOS/Source/tasks.o
                0x0000000008005cc8                vTaskPlaceOnEventListRestricted
 .text.xTaskRemoveFromEventList
                0x0000000008005d20       0xc8 ./Middlewares/Third_Party/FreeRTOS/Source/tasks.o
                0x0000000008005d20                xTaskRemoveFromEventList
 .text.vTaskInternalSetTimeOutState
                0x0000000008005de8       0x2c ./Middlewares/Third_Party/FreeRTOS/Source/tasks.o
                0x0000000008005de8                vTaskInternalSetTimeOutState
 .text.xTaskCheckForTimeOut
                0x0000000008005e14       0xc4 ./Middlewares/Third_Party/FreeRTOS/Source/tasks.o
                0x0000000008005e14                xTaskCheckForTimeOut
 .text.vTaskMissedYield
                0x0000000008005ed8       0x18 ./Middlewares/Third_Party/FreeRTOS/Source/tasks.o
                0x0000000008005ed8                vTaskMissedYield
 .text.prvIdleTask
                0x0000000008005ef0       0x30 ./Middlewares/Third_Party/FreeRTOS/Source/tasks.o
 .text.prvInitialiseTaskLists
                0x0000000008005f20       0x80 ./Middlewares/Third_Party/FreeRTOS/Source/tasks.o
 .text.prvCheckTasksWaitingTermination
                0x0000000008005fa0       0x5c ./Middlewares/Third_Party/FreeRTOS/Source/tasks.o
 .text.prvDeleteTCB
                0x0000000008005ffc       0x68 ./Middlewares/Third_Party/FreeRTOS/Source/tasks.o
 .text.prvResetNextTaskUnblockTime
                0x0000000008006064       0x40 ./Middlewares/Third_Party/FreeRTOS/Source/tasks.o
 .text.xTaskGetCurrentTaskHandle
                0x00000000080060a4       0x20 ./Middlewares/Third_Party/FreeRTOS/Source/tasks.o
                0x00000000080060a4                xTaskGetCurrentTaskHandle
 .text.xTaskGetSchedulerState
                0x00000000080060c4       0x3c ./Middlewares/Third_Party/FreeRTOS/Source/tasks.o
                0x00000000080060c4                xTaskGetSchedulerState
 .text.xTaskPriorityInherit
                0x0000000008006100       0xd0 ./Middlewares/Third_Party/FreeRTOS/Source/tasks.o
                0x0000000008006100                xTaskPriorityInherit
 .text.xTaskPriorityDisinherit
                0x00000000080061d0       0xdc ./Middlewares/Third_Party/FreeRTOS/Source/tasks.o
                0x00000000080061d0                xTaskPriorityDisinherit
 .text.vTaskPriorityDisinheritAfterTimeout
                0x00000000080062ac      0x104 ./Middlewares/Third_Party/FreeRTOS/Source/tasks.o
                0x00000000080062ac                vTaskPriorityDisinheritAfterTimeout
 .text.pvTaskIncrementMutexHeldCount
                0x00000000080063b0       0x28 ./Middlewares/Third_Party/FreeRTOS/Source/tasks.o
                0x00000000080063b0                pvTaskIncrementMutexHeldCount
 .text.prvAddCurrentTaskToDelayedList
                0x00000000080063d8       0xa8 ./Middlewares/Third_Party/FreeRTOS/Source/tasks.o
 .text.xTimerCreateTimerTask
                0x0000000008006480       0x90 ./Middlewares/Third_Party/FreeRTOS/Source/timers.o
                0x0000000008006480                xTimerCreateTimerTask
 .text.xTimerGenericCommand
                0x0000000008006510       0x9c ./Middlewares/Third_Party/FreeRTOS/Source/timers.o
                0x0000000008006510                xTimerGenericCommand
 .text.prvProcessExpiredTimer
                0x00000000080065ac       0x98 ./Middlewares/Third_Party/FreeRTOS/Source/timers.o
 .text.prvTimerTask
                0x0000000008006644       0x24 ./Middlewares/Third_Party/FreeRTOS/Source/timers.o
 .text.prvProcessTimerOrBlockTask
                0x0000000008006668       0x9c ./Middlewares/Third_Party/FreeRTOS/Source/timers.o
 .text.prvGetNextExpireTime
                0x0000000008006704       0x48 ./Middlewares/Third_Party/FreeRTOS/Source/timers.o
 .text.prvSampleTimeNow
                0x000000000800674c       0x40 ./Middlewares/Third_Party/FreeRTOS/Source/timers.o
 .text.prvInsertTimerInActiveList
                0x000000000800678c       0x84 ./Middlewares/Third_Party/FreeRTOS/Source/timers.o
 .text.prvProcessReceivedCommands
                0x0000000008006810      0x1c4 ./Middlewares/Third_Party/FreeRTOS/Source/timers.o
 .text.prvSwitchTimerLists
                0x00000000080069d4       0xc8 ./Middlewares/Third_Party/FreeRTOS/Source/timers.o
 .text.prvCheckForValidListAndQueue
                0x0000000008006a9c       0x80 ./Middlewares/Third_Party/FreeRTOS/Source/timers.o
 .text.pxPortInitialiseStack
                0x0000000008006b1c       0x68 ./Middlewares/Third_Party/FreeRTOS/Source/portable/GCC/ARM_CM4F/port.o
                0x0000000008006b1c                pxPortInitialiseStack
 .text.prvTaskExitError
                0x0000000008006b84       0x58 ./Middlewares/Third_Party/FreeRTOS/Source/portable/GCC/ARM_CM4F/port.o
 *fill*         0x0000000008006bdc        0x4 
 .text.SVC_Handler
                0x0000000008006be0       0x28 ./Middlewares/Third_Party/FreeRTOS/Source/portable/GCC/ARM_CM4F/port.o
                0x0000000008006be0                SVC_Handler
 .text.prvPortStartFirstTask
                0x0000000008006c08       0x28 ./Middlewares/Third_Party/FreeRTOS/Source/portable/GCC/ARM_CM4F/port.o
 .text.xPortStartScheduler
                0x0000000008006c30      0x144 ./Middlewares/Third_Party/FreeRTOS/Source/portable/GCC/ARM_CM4F/port.o
                0x0000000008006c30                xPortStartScheduler
 .text.vPortEnterCritical
                0x0000000008006d74       0x60 ./Middlewares/Third_Party/FreeRTOS/Source/portable/GCC/ARM_CM4F/port.o
                0x0000000008006d74                vPortEnterCritical
 .text.vPortExitCritical
                0x0000000008006dd4       0x54 ./Middlewares/Third_Party/FreeRTOS/Source/portable/GCC/ARM_CM4F/port.o
                0x0000000008006dd4                vPortExitCritical
 *fill*         0x0000000008006e28        0x8 
 .text.PendSV_Handler
                0x0000000008006e30       0x68 ./Middlewares/Third_Party/FreeRTOS/Source/portable/GCC/ARM_CM4F/port.o
                0x0000000008006e30                PendSV_Handler
 .text.xPortSysTickHandler
                0x0000000008006e98       0x44 ./Middlewares/Third_Party/FreeRTOS/Source/portable/GCC/ARM_CM4F/port.o
                0x0000000008006e98                xPortSysTickHandler
 .text.vPortSetupTimerInterrupt
                0x0000000008006edc       0x48 ./Middlewares/Third_Party/FreeRTOS/Source/portable/GCC/ARM_CM4F/port.o
                0x0000000008006edc                vPortSetupTimerInterrupt
 .text.vPortEnableVFP
                0x0000000008006f24       0x14 ./Middlewares/Third_Party/FreeRTOS/Source/portable/GCC/ARM_CM4F/port.o
 .text.vPortValidateInterruptPriority
                0x0000000008006f38       0x80 ./Middlewares/Third_Party/FreeRTOS/Source/portable/GCC/ARM_CM4F/port.o
                0x0000000008006f38                vPortValidateInterruptPriority
 .text.pvPortMalloc
                0x0000000008006fb8      0x198 ./Middlewares/Third_Party/FreeRTOS/Source/portable/MemMang/heap_4.o
                0x0000000008006fb8                pvPortMalloc
 .text.vPortFree
                0x0000000008007150       0xc4 ./Middlewares/Third_Party/FreeRTOS/Source/portable/MemMang/heap_4.o
                0x0000000008007150                vPortFree
 .text.prvHeapInit
                0x0000000008007214       0xc4 ./Middlewares/Third_Party/FreeRTOS/Source/portable/MemMang/heap_4.o
 .text.prvInsertBlockIntoFreeList
                0x00000000080072d8       0xb4 ./Middlewares/Third_Party/FreeRTOS/Source/portable/MemMang/heap_4.o
 .text.__errno  0x000000000800738c        0xc f:/stm32cubeide_1.10.1/stm32cubeide/plugins/com.st.stm32cube.ide.mcu.externaltools.gnu-tools-for-stm32.10.3-2021.10.win32_1.0.0.202111181127/tools/bin/../lib/gcc/arm-none-eabi/10.3.1/../../../../arm-none-eabi/lib/thumb/v7e-m+fp/hard\libc_nano.a(lib_a-errno.o)
                0x000000000800738c                __errno
 .text.std      0x0000000008007398       0x48 f:/stm32cubeide_1.10.1/stm32cubeide/plugins/com.st.stm32cube.ide.mcu.externaltools.gnu-tools-for-stm32.10.3-2021.10.win32_1.0.0.202111181127/tools/bin/../lib/gcc/arm-none-eabi/10.3.1/../../../../arm-none-eabi/lib/thumb/v7e-m+fp/hard\libc_nano.a(lib_a-findfp.o)
 .text._cleanup_r
                0x00000000080073e0        0xc f:/stm32cubeide_1.10.1/stm32cubeide/plugins/com.st.stm32cube.ide.mcu.externaltools.gnu-tools-for-stm32.10.3-2021.10.win32_1.0.0.202111181127/tools/bin/../lib/gcc/arm-none-eabi/10.3.1/../../../../arm-none-eabi/lib/thumb/v7e-m+fp/hard\libc_nano.a(lib_a-findfp.o)
                0x00000000080073e0                _cleanup_r
 .text.__sfmoreglue
                0x00000000080073ec       0x2c f:/stm32cubeide_1.10.1/stm32cubeide/plugins/com.st.stm32cube.ide.mcu.externaltools.gnu-tools-for-stm32.10.3-2021.10.win32_1.0.0.202111181127/tools/bin/../lib/gcc/arm-none-eabi/10.3.1/../../../../arm-none-eabi/lib/thumb/v7e-m+fp/hard\libc_nano.a(lib_a-findfp.o)
                0x00000000080073ec                __sfmoreglue
 .text.__sfp_lock_acquire
                0x0000000008007418        0xc f:/stm32cubeide_1.10.1/stm32cubeide/plugins/com.st.stm32cube.ide.mcu.externaltools.gnu-tools-for-stm32.10.3-2021.10.win32_1.0.0.202111181127/tools/bin/../lib/gcc/arm-none-eabi/10.3.1/../../../../arm-none-eabi/lib/thumb/v7e-m+fp/hard\libc_nano.a(lib_a-findfp.o)
                0x0000000008007418                __sfp_lock_acquire
 .text.__sfp_lock_release
                0x0000000008007424        0xc f:/stm32cubeide_1.10.1/stm32cubeide/plugins/com.st.stm32cube.ide.mcu.externaltools.gnu-tools-for-stm32.10.3-2021.10.win32_1.0.0.202111181127/tools/bin/../lib/gcc/arm-none-eabi/10.3.1/../../../../arm-none-eabi/lib/thumb/v7e-m+fp/hard\libc_nano.a(lib_a-findfp.o)
                0x0000000008007424                __sfp_lock_release
 .text.__sinit_lock_acquire
                0x0000000008007430        0xc f:/stm32cubeide_1.10.1/stm32cubeide/plugins/com.st.stm32cube.ide.mcu.externaltools.gnu-tools-for-stm32.10.3-2021.10.win32_1.0.0.202111181127/tools/bin/../lib/gcc/arm-none-eabi/10.3.1/../../../../arm-none-eabi/lib/thumb/v7e-m+fp/hard\libc_nano.a(lib_a-findfp.o)
                0x0000000008007430                __sinit_lock_acquire
 .text.__sinit_lock_release
                0x000000000800743c        0xc f:/stm32cubeide_1.10.1/stm32cubeide/plugins/com.st.stm32cube.ide.mcu.externaltools.gnu-tools-for-stm32.10.3-2021.10.win32_1.0.0.202111181127/tools/bin/../lib/gcc/arm-none-eabi/10.3.1/../../../../arm-none-eabi/lib/thumb/v7e-m+fp/hard\libc_nano.a(lib_a-findfp.o)
                0x000000000800743c                __sinit_lock_release
 .text.__sinit  0x0000000008007448       0x70 f:/stm32cubeide_1.10.1/stm32cubeide/plugins/com.st.stm32cube.ide.mcu.externaltools.gnu-tools-for-stm32.10.3-2021.10.win32_1.0.0.202111181127/tools/bin/../lib/gcc/arm-none-eabi/10.3.1/../../../../arm-none-eabi/lib/thumb/v7e-m+fp/hard\libc_nano.a(lib_a-findfp.o)
                0x0000000008007448                __sinit
 .text.__sfp    0x00000000080074b8       0x8c f:/stm32cubeide_1.10.1/stm32cubeide/plugins/com.st.stm32cube.ide.mcu.externaltools.gnu-tools-for-stm32.10.3-2021.10.win32_1.0.0.202111181127/tools/bin/../lib/gcc/arm-none-eabi/10.3.1/../../../../arm-none-eabi/lib/thumb/v7e-m+fp/hard\libc_nano.a(lib_a-findfp.o)
                0x00000000080074b8                __sfp
 .text._fwalk_reent
                0x0000000008007544       0x3e f:/stm32cubeide_1.10.1/stm32cubeide/plugins/com.st.stm32cube.ide.mcu.externaltools.gnu-tools-for-stm32.10.3-2021.10.win32_1.0.0.202111181127/tools/bin/../lib/gcc/arm-none-eabi/10.3.1/../../../../arm-none-eabi/lib/thumb/v7e-m+fp/hard\libc_nano.a(lib_a-fwalk.o)
                0x0000000008007544                _fwalk_reent
 *fill*         0x0000000008007582        0x2 
 .text.__libc_init_array
                0x0000000008007584       0x48 f:/stm32cubeide_1.10.1/stm32cubeide/plugins/com.st.stm32cube.ide.mcu.externaltools.gnu-tools-for-stm32.10.3-2021.10.win32_1.0.0.202111181127/tools/bin/../lib/gcc/arm-none-eabi/10.3.1/../../../../arm-none-eabi/lib/thumb/v7e-m+fp/hard\libc_nano.a(lib_a-init.o)
                0x0000000008007584                __libc_init_array
 .text.__retarget_lock_init_recursive
                0x00000000080075cc        0x2 f:/stm32cubeide_1.10.1/stm32cubeide/plugins/com.st.stm32cube.ide.mcu.externaltools.gnu-tools-for-stm32.10.3-2021.10.win32_1.0.0.202111181127/tools/bin/../lib/gcc/arm-none-eabi/10.3.1/../../../../arm-none-eabi/lib/thumb/v7e-m+fp/hard\libc_nano.a(lib_a-lock.o)
                0x00000000080075cc                __retarget_lock_init_recursive
 .text.__retarget_lock_acquire_recursive
                0x00000000080075ce        0x2 f:/stm32cubeide_1.10.1/stm32cubeide/plugins/com.st.stm32cube.ide.mcu.externaltools.gnu-tools-for-stm32.10.3-2021.10.win32_1.0.0.202111181127/tools/bin/../lib/gcc/arm-none-eabi/10.3.1/../../../../arm-none-eabi/lib/thumb/v7e-m+fp/hard\libc_nano.a(lib_a-lock.o)
                0x00000000080075ce                __retarget_lock_acquire_recursive
 .text.__retarget_lock_release_recursive
                0x00000000080075d0        0x2 f:/stm32cubeide_1.10.1/stm32cubeide/plugins/com.st.stm32cube.ide.mcu.externaltools.gnu-tools-for-stm32.10.3-2021.10.win32_1.0.0.202111181127/tools/bin/../lib/gcc/arm-none-eabi/10.3.1/../../../../arm-none-eabi/lib/thumb/v7e-m+fp/hard\libc_nano.a(lib_a-lock.o)
                0x00000000080075d0                __retarget_lock_release_recursive
 *fill*         0x00000000080075d2        0x2 
 .text.malloc   0x00000000080075d4       0x10 f:/stm32cubeide_1.10.1/stm32cubeide/plugins/com.st.stm32cube.ide.mcu.externaltools.gnu-tools-for-stm32.10.3-2021.10.win32_1.0.0.202111181127/tools/bin/../lib/gcc/arm-none-eabi/10.3.1/../../../../arm-none-eabi/lib/thumb/v7e-m+fp/hard\libc_nano.a(lib_a-malloc.o)
                0x00000000080075d4                malloc
 .text.free     0x00000000080075e4       0x10 f:/stm32cubeide_1.10.1/stm32cubeide/plugins/com.st.stm32cube.ide.mcu.externaltools.gnu-tools-for-stm32.10.3-2021.10.win32_1.0.0.202111181127/tools/bin/../lib/gcc/arm-none-eabi/10.3.1/../../../../arm-none-eabi/lib/thumb/v7e-m+fp/hard\libc_nano.a(lib_a-malloc.o)
                0x00000000080075e4                free
 .text.memcpy   0x00000000080075f4       0x1c f:/stm32cubeide_1.10.1/stm32cubeide/plugins/com.st.stm32cube.ide.mcu.externaltools.gnu-tools-for-stm32.10.3-2021.10.win32_1.0.0.202111181127/tools/bin/../lib/gcc/arm-none-eabi/10.3.1/../../../../arm-none-eabi/lib/thumb/v7e-m+fp/hard\libc_nano.a(lib_a-memcpy-stub.o)
                0x00000000080075f4                memcpy
 .text.memset   0x0000000008007610       0x10 f:/stm32cubeide_1.10.1/stm32cubeide/plugins/com.st.stm32cube.ide.mcu.externaltools.gnu-tools-for-stm32.10.3-2021.10.win32_1.0.0.202111181127/tools/bin/../lib/gcc/arm-none-eabi/10.3.1/../../../../arm-none-eabi/lib/thumb/v7e-m+fp/hard\libc_nano.a(lib_a-memset.o)
                0x0000000008007610                memset
 .text._free_r  0x0000000008007620       0x98 f:/stm32cubeide_1.10.1/stm32cubeide/plugins/com.st.stm32cube.ide.mcu.externaltools.gnu-tools-for-stm32.10.3-2021.10.win32_1.0.0.202111181127/tools/bin/../lib/gcc/arm-none-eabi/10.3.1/../../../../arm-none-eabi/lib/thumb/v7e-m+fp/hard\libc_nano.a(lib_a-nano-freer.o)
                0x0000000008007620                _free_r
 .text.sbrk_aligned
                0x00000000080076b8       0x40 f:/stm32cubeide_1.10.1/stm32cubeide/plugins/com.st.stm32cube.ide.mcu.externaltools.gnu-tools-for-stm32.10.3-2021.10.win32_1.0.0.202111181127/tools/bin/../lib/gcc/arm-none-eabi/10.3.1/../../../../arm-none-eabi/lib/thumb/v7e-m+fp/hard\libc_nano.a(lib_a-nano-mallocr.o)
 .text._malloc_r
                0x00000000080076f8       0xe8 f:/stm32cubeide_1.10.1/stm32cubeide/plugins/com.st.stm32cube.ide.mcu.externaltools.gnu-tools-for-stm32.10.3-2021.10.win32_1.0.0.202111181127/tools/bin/../lib/gcc/arm-none-eabi/10.3.1/../../../../arm-none-eabi/lib/thumb/v7e-m+fp/hard\libc_nano.a(lib_a-nano-mallocr.o)
                0x00000000080076f8                _malloc_r
 .text.srand    0x00000000080077e0       0x5c f:/stm32cubeide_1.10.1/stm32cubeide/plugins/com.st.stm32cube.ide.mcu.externaltools.gnu-tools-for-stm32.10.3-2021.10.win32_1.0.0.202111181127/tools/bin/../lib/gcc/arm-none-eabi/10.3.1/../../../../arm-none-eabi/lib/thumb/v7e-m+fp/hard\libc_nano.a(lib_a-rand.o)
                0x00000000080077e0                srand
 .text.rand     0x000000000800783c       0x7c f:/stm32cubeide_1.10.1/stm32cubeide/plugins/com.st.stm32cube.ide.mcu.externaltools.gnu-tools-for-stm32.10.3-2021.10.win32_1.0.0.202111181127/tools/bin/../lib/gcc/arm-none-eabi/10.3.1/../../../../arm-none-eabi/lib/thumb/v7e-m+fp/hard\libc_nano.a(lib_a-rand.o)
                0x000000000800783c                rand
 .text.cleanup_glue
                0x00000000080078b8       0x1a f:/stm32cubeide_1.10.1/stm32cubeide/plugins/com.st.stm32cube.ide.mcu.externaltools.gnu-tools-for-stm32.10.3-2021.10.win32_1.0.0.202111181127/tools/bin/../lib/gcc/arm-none-eabi/10.3.1/../../../../arm-none-eabi/lib/thumb/v7e-m+fp/hard\libc_nano.a(lib_a-reent.o)
                0x00000000080078b8                cleanup_glue
 *fill*         0x00000000080078d2        0x2 
 .text._reclaim_reent
                0x00000000080078d4       0xb8 f:/stm32cubeide_1.10.1/stm32cubeide/plugins/com.st.stm32cube.ide.mcu.externaltools.gnu-tools-for-stm32.10.3-2021.10.win32_1.0.0.202111181127/tools/bin/../lib/gcc/arm-none-eabi/10.3.1/../../../../arm-none-eabi/lib/thumb/v7e-m+fp/hard\libc_nano.a(lib_a-reent.o)
                0x00000000080078d4                _reclaim_reent
 .text._sbrk_r  0x000000000800798c       0x20 f:/stm32cubeide_1.10.1/stm32cubeide/plugins/com.st.stm32cube.ide.mcu.externaltools.gnu-tools-for-stm32.10.3-2021.10.win32_1.0.0.202111181127/tools/bin/../lib/gcc/arm-none-eabi/10.3.1/../../../../arm-none-eabi/lib/thumb/v7e-m+fp/hard\libc_nano.a(lib_a-sbrkr.o)
                0x000000000800798c                _sbrk_r
 .text.__sread  0x00000000080079ac       0x22 f:/stm32cubeide_1.10.1/stm32cubeide/plugins/com.st.stm32cube.ide.mcu.externaltools.gnu-tools-for-stm32.10.3-2021.10.win32_1.0.0.202111181127/tools/bin/../lib/gcc/arm-none-eabi/10.3.1/../../../../arm-none-eabi/lib/thumb/v7e-m+fp/hard\libc_nano.a(lib_a-stdio.o)
                0x00000000080079ac                __sread
 .text.__swrite
                0x00000000080079ce       0x38 f:/stm32cubeide_1.10.1/stm32cubeide/plugins/com.st.stm32cube.ide.mcu.externaltools.gnu-tools-for-stm32.10.3-2021.10.win32_1.0.0.202111181127/tools/bin/../lib/gcc/arm-none-eabi/10.3.1/../../../../arm-none-eabi/lib/thumb/v7e-m+fp/hard\libc_nano.a(lib_a-stdio.o)
                0x00000000080079ce                __swrite
 .text.__sseek  0x0000000008007a06       0x24 f:/stm32cubeide_1.10.1/stm32cubeide/plugins/com.st.stm32cube.ide.mcu.externaltools.gnu-tools-for-stm32.10.3-2021.10.win32_1.0.0.202111181127/tools/bin/../lib/gcc/arm-none-eabi/10.3.1/../../../../arm-none-eabi/lib/thumb/v7e-m+fp/hard\libc_nano.a(lib_a-stdio.o)
                0x0000000008007a06                __sseek
 .text.__sclose
                0x0000000008007a2a        0x8 f:/stm32cubeide_1.10.1/stm32cubeide/plugins/com.st.stm32cube.ide.mcu.externaltools.gnu-tools-for-stm32.10.3-2021.10.win32_1.0.0.202111181127/tools/bin/../lib/gcc/arm-none-eabi/10.3.1/../../../../arm-none-eabi/lib/thumb/v7e-m+fp/hard\libc_nano.a(lib_a-stdio.o)
                0x0000000008007a2a                __sclose
 *fill*         0x0000000008007a32        0x2 
 .text._write_r
                0x0000000008007a34       0x24 f:/stm32cubeide_1.10.1/stm32cubeide/plugins/com.st.stm32cube.ide.mcu.externaltools.gnu-tools-for-stm32.10.3-2021.10.win32_1.0.0.202111181127/tools/bin/../lib/gcc/arm-none-eabi/10.3.1/../../../../arm-none-eabi/lib/thumb/v7e-m+fp/hard\libc_nano.a(lib_a-writer.o)
                0x0000000008007a34                _write_r
 .text.__assert_func
                0x0000000008007a58       0x3c f:/stm32cubeide_1.10.1/stm32cubeide/plugins/com.st.stm32cube.ide.mcu.externaltools.gnu-tools-for-stm32.10.3-2021.10.win32_1.0.0.202111181127/tools/bin/../lib/gcc/arm-none-eabi/10.3.1/../../../../arm-none-eabi/lib/thumb/v7e-m+fp/hard\libc_nano.a(lib_a-assert.o)
                0x0000000008007a58                __assert_func
 .text._close_r
                0x0000000008007a94       0x20 f:/stm32cubeide_1.10.1/stm32cubeide/plugins/com.st.stm32cube.ide.mcu.externaltools.gnu-tools-for-stm32.10.3-2021.10.win32_1.0.0.202111181127/tools/bin/../lib/gcc/arm-none-eabi/10.3.1/../../../../arm-none-eabi/lib/thumb/v7e-m+fp/hard\libc_nano.a(lib_a-closer.o)
                0x0000000008007a94                _close_r
 .text.__sflush_r
                0x0000000008007ab4      0x10c f:/stm32cubeide_1.10.1/stm32cubeide/plugins/com.st.stm32cube.ide.mcu.externaltools.gnu-tools-for-stm32.10.3-2021.10.win32_1.0.0.202111181127/tools/bin/../lib/gcc/arm-none-eabi/10.3.1/../../../../arm-none-eabi/lib/thumb/v7e-m+fp/hard\libc_nano.a(lib_a-fflush.o)
                0x0000000008007ab4                __sflush_r
 .text._fflush_r
                0x0000000008007bc0       0x78 f:/stm32cubeide_1.10.1/stm32cubeide/plugins/com.st.stm32cube.ide.mcu.externaltools.gnu-tools-for-stm32.10.3-2021.10.win32_1.0.0.202111181127/tools/bin/../lib/gcc/arm-none-eabi/10.3.1/../../../../arm-none-eabi/lib/thumb/v7e-m+fp/hard\libc_nano.a(lib_a-fflush.o)
                0x0000000008007bc0                _fflush_r
 .text.fprintf  0x0000000008007c38       0x24 f:/stm32cubeide_1.10.1/stm32cubeide/plugins/com.st.stm32cube.ide.mcu.externaltools.gnu-tools-for-stm32.10.3-2021.10.win32_1.0.0.202111181127/tools/bin/../lib/gcc/arm-none-eabi/10.3.1/../../../../arm-none-eabi/lib/thumb/v7e-m+fp/hard\libc_nano.a(lib_a-fprintf.o)
                0x0000000008007c38                fiprintf
                0x0000000008007c38                fprintf
 .text._lseek_r
                0x0000000008007c5c       0x24 f:/stm32cubeide_1.10.1/stm32cubeide/plugins/com.st.stm32cube.ide.mcu.externaltools.gnu-tools-for-stm32.10.3-2021.10.win32_1.0.0.202111181127/tools/bin/../lib/gcc/arm-none-eabi/10.3.1/../../../../arm-none-eabi/lib/thumb/v7e-m+fp/hard\libc_nano.a(lib_a-lseekr.o)
                0x0000000008007c5c                _lseek_r
 .text.__malloc_lock
                0x0000000008007c80        0xc f:/stm32cubeide_1.10.1/stm32cubeide/plugins/com.st.stm32cube.ide.mcu.externaltools.gnu-tools-for-stm32.10.3-2021.10.win32_1.0.0.202111181127/tools/bin/../lib/gcc/arm-none-eabi/10.3.1/../../../../arm-none-eabi/lib/thumb/v7e-m+fp/hard\libc_nano.a(lib_a-mlock.o)
                0x0000000008007c80                __malloc_lock
 .text.__malloc_unlock
                0x0000000008007c8c        0xc f:/stm32cubeide_1.10.1/stm32cubeide/plugins/com.st.stm32cube.ide.mcu.externaltools.gnu-tools-for-stm32.10.3-2021.10.win32_1.0.0.202111181127/tools/bin/../lib/gcc/arm-none-eabi/10.3.1/../../../../arm-none-eabi/lib/thumb/v7e-m+fp/hard\libc_nano.a(lib_a-mlock.o)
                0x0000000008007c8c                __malloc_unlock
 .text.__sfputc_r
                0x0000000008007c98       0x2e f:/stm32cubeide_1.10.1/stm32cubeide/plugins/com.st.stm32cube.ide.mcu.externaltools.gnu-tools-for-stm32.10.3-2021.10.win32_1.0.0.202111181127/tools/bin/../lib/gcc/arm-none-eabi/10.3.1/../../../../arm-none-eabi/lib/thumb/v7e-m+fp/hard\libc_nano.a(lib_a-nano-vfprintf.o)
 .text.__sfputs_r
                0x0000000008007cc6       0x24 f:/stm32cubeide_1.10.1/stm32cubeide/plugins/com.st.stm32cube.ide.mcu.externaltools.gnu-tools-for-stm32.10.3-2021.10.win32_1.0.0.202111181127/tools/bin/../lib/gcc/arm-none-eabi/10.3.1/../../../../arm-none-eabi/lib/thumb/v7e-m+fp/hard\libc_nano.a(lib_a-nano-vfprintf.o)
                0x0000000008007cc6                __sfputs_r
 *fill*         0x0000000008007cea        0x2 
 .text._vfprintf_r
                0x0000000008007cec      0x260 f:/stm32cubeide_1.10.1/stm32cubeide/plugins/com.st.stm32cube.ide.mcu.externaltools.gnu-tools-for-stm32.10.3-2021.10.win32_1.0.0.202111181127/tools/bin/../lib/gcc/arm-none-eabi/10.3.1/../../../../arm-none-eabi/lib/thumb/v7e-m+fp/hard\libc_nano.a(lib_a-nano-vfprintf.o)
                0x0000000008007cec                _vfprintf_r
                0x0000000008007cec                _vfiprintf_r
 .text._printf_common
                0x0000000008007f4c       0xda f:/stm32cubeide_1.10.1/stm32cubeide/plugins/com.st.stm32cube.ide.mcu.externaltools.gnu-tools-for-stm32.10.3-2021.10.win32_1.0.0.202111181127/tools/bin/../lib/gcc/arm-none-eabi/10.3.1/../../../../arm-none-eabi/lib/thumb/v7e-m+fp/hard\libc_nano.a(lib_a-nano-vfprintf_i.o)
                0x0000000008007f4c                _printf_common
 *fill*         0x0000000008008026        0x2 
 .text._printf_i
                0x0000000008008028      0x24c f:/stm32cubeide_1.10.1/stm32cubeide/plugins/com.st.stm32cube.ide.mcu.externaltools.gnu-tools-for-stm32.10.3-2021.10.win32_1.0.0.202111181127/tools/bin/../lib/gcc/arm-none-eabi/10.3.1/../../../../arm-none-eabi/lib/thumb/v7e-m+fp/hard\libc_nano.a(lib_a-nano-vfprintf_i.o)
                0x0000000008008028                _printf_i
 .text._read_r  0x0000000008008274       0x24 f:/stm32cubeide_1.10.1/stm32cubeide/plugins/com.st.stm32cube.ide.mcu.externaltools.gnu-tools-for-stm32.10.3-2021.10.win32_1.0.0.202111181127/tools/bin/../lib/gcc/arm-none-eabi/10.3.1/../../../../arm-none-eabi/lib/thumb/v7e-m+fp/hard\libc_nano.a(lib_a-readr.o)
                0x0000000008008274                _read_r
 .text.__swbuf_r
                0x0000000008008298       0xa4 f:/stm32cubeide_1.10.1/stm32cubeide/plugins/com.st.stm32cube.ide.mcu.externaltools.gnu-tools-for-stm32.10.3-2021.10.win32_1.0.0.202111181127/tools/bin/../lib/gcc/arm-none-eabi/10.3.1/../../../../arm-none-eabi/lib/thumb/v7e-m+fp/hard\libc_nano.a(lib_a-wbuf.o)
                0x0000000008008298                __swbuf_r
 .text.__swsetup_r
                0x000000000800833c       0xdc f:/stm32cubeide_1.10.1/stm32cubeide/plugins/com.st.stm32cube.ide.mcu.externaltools.gnu-tools-for-stm32.10.3-2021.10.win32_1.0.0.202111181127/tools/bin/../lib/gcc/arm-none-eabi/10.3.1/../../../../arm-none-eabi/lib/thumb/v7e-m+fp/hard\libc_nano.a(lib_a-wsetup.o)
                0x000000000800833c                __swsetup_r
 .text.abort    0x0000000008008418        0xe f:/stm32cubeide_1.10.1/stm32cubeide/plugins/com.st.stm32cube.ide.mcu.externaltools.gnu-tools-for-stm32.10.3-2021.10.win32_1.0.0.202111181127/tools/bin/../lib/gcc/arm-none-eabi/10.3.1/../../../../arm-none-eabi/lib/thumb/v7e-m+fp/hard\libc_nano.a(lib_a-abort.o)
                0x0000000008008418                abort
 .text.__swhatbuf_r
                0x0000000008008426       0x4a f:/stm32cubeide_1.10.1/stm32cubeide/plugins/com.st.stm32cube.ide.mcu.externaltools.gnu-tools-for-stm32.10.3-2021.10.win32_1.0.0.202111181127/tools/bin/../lib/gcc/arm-none-eabi/10.3.1/../../../../arm-none-eabi/lib/thumb/v7e-m+fp/hard\libc_nano.a(lib_a-makebuf.o)
                0x0000000008008426                __swhatbuf_r
 .text.__smakebuf_r
                0x0000000008008470       0x80 f:/stm32cubeide_1.10.1/stm32cubeide/plugins/com.st.stm32cube.ide.mcu.externaltools.gnu-tools-for-stm32.10.3-2021.10.win32_1.0.0.202111181127/tools/bin/../lib/gcc/arm-none-eabi/10.3.1/../../../../arm-none-eabi/lib/thumb/v7e-m+fp/hard\libc_nano.a(lib_a-makebuf.o)
                0x0000000008008470                __smakebuf_r
 .text._raise_r
                0x00000000080084f0       0x50 f:/stm32cubeide_1.10.1/stm32cubeide/plugins/com.st.stm32cube.ide.mcu.externaltools.gnu-tools-for-stm32.10.3-2021.10.win32_1.0.0.202111181127/tools/bin/../lib/gcc/arm-none-eabi/10.3.1/../../../../arm-none-eabi/lib/thumb/v7e-m+fp/hard\libc_nano.a(lib_a-signal.o)
                0x00000000080084f0                _raise_r
 .text.raise    0x0000000008008540       0x10 f:/stm32cubeide_1.10.1/stm32cubeide/plugins/com.st.stm32cube.ide.mcu.externaltools.gnu-tools-for-stm32.10.3-2021.10.win32_1.0.0.202111181127/tools/bin/../lib/gcc/arm-none-eabi/10.3.1/../../../../arm-none-eabi/lib/thumb/v7e-m+fp/hard\libc_nano.a(lib_a-signal.o)
                0x0000000008008540                raise
 .text._kill_r  0x0000000008008550       0x24 f:/stm32cubeide_1.10.1/stm32cubeide/plugins/com.st.stm32cube.ide.mcu.externaltools.gnu-tools-for-stm32.10.3-2021.10.win32_1.0.0.202111181127/tools/bin/../lib/gcc/arm-none-eabi/10.3.1/../../../../arm-none-eabi/lib/thumb/v7e-m+fp/hard\libc_nano.a(lib_a-signalr.o)
                0x0000000008008550                _kill_r
 .text._getpid_r
                0x0000000008008574        0x4 f:/stm32cubeide_1.10.1/stm32cubeide/plugins/com.st.stm32cube.ide.mcu.externaltools.gnu-tools-for-stm32.10.3-2021.10.win32_1.0.0.202111181127/tools/bin/../lib/gcc/arm-none-eabi/10.3.1/../../../../arm-none-eabi/lib/thumb/v7e-m+fp/hard\libc_nano.a(lib_a-signalr.o)
                0x0000000008008574                _getpid_r
 .text._fstat_r
                0x0000000008008578       0x24 f:/stm32cubeide_1.10.1/stm32cubeide/plugins/com.st.stm32cube.ide.mcu.externaltools.gnu-tools-for-stm32.10.3-2021.10.win32_1.0.0.202111181127/tools/bin/../lib/gcc/arm-none-eabi/10.3.1/../../../../arm-none-eabi/lib/thumb/v7e-m+fp/hard\libc_nano.a(lib_a-fstatr.o)
                0x0000000008008578                _fstat_r
 .text._isatty_r
                0x000000000800859c       0x20 f:/stm32cubeide_1.10.1/stm32cubeide/plugins/com.st.stm32cube.ide.mcu.externaltools.gnu-tools-for-stm32.10.3-2021.10.win32_1.0.0.202111181127/tools/bin/../lib/gcc/arm-none-eabi/10.3.1/../../../../arm-none-eabi/lib/thumb/v7e-m+fp/hard\libc_nano.a(lib_a-isattyr.o)
                0x000000000800859c                _isatty_r
 *(.glue_7)
 .glue_7        0x00000000080085bc        0x0 linker stubs
 *(.glue_7t)
 .glue_7t       0x00000000080085bc        0x0 linker stubs
 *(.eh_frame)
 .eh_frame      0x00000000080085bc        0x0 f:/stm32cubeide_1.10.1/stm32cubeide/plugins/com.st.stm32cube.ide.mcu.externaltools.gnu-tools-for-stm32.10.3-2021.10.win32_1.0.0.202111181127/tools/bin/../lib/gcc/arm-none-eabi/10.3.1/thumb/v7e-m+fp/hard/crtbegin.o
 *(.init)
 .init          0x00000000080085bc        0x4 f:/stm32cubeide_1.10.1/stm32cubeide/plugins/com.st.stm32cube.ide.mcu.externaltools.gnu-tools-for-stm32.10.3-2021.10.win32_1.0.0.202111181127/tools/bin/../lib/gcc/arm-none-eabi/10.3.1/thumb/v7e-m+fp/hard/crti.o
                0x00000000080085bc                _init
 .init          0x00000000080085c0        0x8 f:/stm32cubeide_1.10.1/stm32cubeide/plugins/com.st.stm32cube.ide.mcu.externaltools.gnu-tools-for-stm32.10.3-2021.10.win32_1.0.0.202111181127/tools/bin/../lib/gcc/arm-none-eabi/10.3.1/thumb/v7e-m+fp/hard/crtn.o
 *(.fini)
 .fini          0x00000000080085c8        0x4 f:/stm32cubeide_1.10.1/stm32cubeide/plugins/com.st.stm32cube.ide.mcu.externaltools.gnu-tools-for-stm32.10.3-2021.10.win32_1.0.0.202111181127/tools/bin/../lib/gcc/arm-none-eabi/10.3.1/thumb/v7e-m+fp/hard/crti.o
                0x00000000080085c8                _fini
 .fini          0x00000000080085cc        0x8 f:/stm32cubeide_1.10.1/stm32cubeide/plugins/com.st.stm32cube.ide.mcu.externaltools.gnu-tools-for-stm32.10.3-2021.10.win32_1.0.0.202111181127/tools/bin/../lib/gcc/arm-none-eabi/10.3.1/thumb/v7e-m+fp/hard/crtn.o
                0x00000000080085d4                . = ALIGN (0x4)
                0x00000000080085d4                _etext = .

.vfp11_veneer   0x00000000080085d4        0x0
 .vfp11_veneer  0x00000000080085d4        0x0 linker stubs

.v4_bx          0x00000000080085d4        0x0
 .v4_bx         0x00000000080085d4        0x0 linker stubs

.iplt           0x00000000080085d4        0x0
 .iplt          0x00000000080085d4        0x0 f:/stm32cubeide_1.10.1/stm32cubeide/plugins/com.st.stm32cube.ide.mcu.externaltools.gnu-tools-for-stm32.10.3-2021.10.win32_1.0.0.202111181127/tools/bin/../lib/gcc/arm-none-eabi/10.3.1/thumb/v7e-m+fp/hard/crtbegin.o

.rodata         0x00000000080085d4      0x254
                0x00000000080085d4                . = ALIGN (0x4)
 *(.rodata)
 .rodata        0x00000000080085d4       0x15 ./Core/Src/main.o
 *fill*         0x00000000080085e9        0x3 
 .rodata        0x00000000080085ec        0x5 ./Middlewares/Third_Party/FreeRTOS/Source/tasks.o
 *fill*         0x00000000080085f1        0x3 
 .rodata        0x00000000080085f4        0xd ./Middlewares/Third_Party/FreeRTOS/Source/timers.o
 *(.rodata*)
 *fill*         0x0000000008008601        0x3 
 .rodata.Rcmd   0x0000000008008604       0x71 ./Core/Src/lcd.o
                0x0000000008008604                Rcmd
 *fill*         0x0000000008008675        0x3 
 .rodata.Draw_attributes
                0x0000000008008678       0x24 ./Core/Src/main.o
                0x0000000008008678                Draw_attributes
 .rodata.Control_attributes
                0x000000000800869c       0x24 ./Core/Src/main.o
                0x000000000800869c                Control_attributes
 .rodata.MTX1_attributes
                0x00000000080086c0       0x10 ./Core/Src/main.o
                0x00000000080086c0                MTX1_attributes
 .rodata.AHBPrescTable
                0x00000000080086d0       0x10 ./Core/Src/system_stm32f4xx.o
                0x00000000080086d0                AHBPrescTable
 .rodata.__sf_fake_stderr
                0x00000000080086e0       0x20 f:/stm32cubeide_1.10.1/stm32cubeide/plugins/com.st.stm32cube.ide.mcu.externaltools.gnu-tools-for-stm32.10.3-2021.10.win32_1.0.0.202111181127/tools/bin/../lib/gcc/arm-none-eabi/10.3.1/../../../../arm-none-eabi/lib/thumb/v7e-m+fp/hard\libc_nano.a(lib_a-findfp.o)
                0x00000000080086e0                __sf_fake_stderr
 .rodata.__sf_fake_stdin
                0x0000000008008700       0x20 f:/stm32cubeide_1.10.1/stm32cubeide/plugins/com.st.stm32cube.ide.mcu.externaltools.gnu-tools-for-stm32.10.3-2021.10.win32_1.0.0.202111181127/tools/bin/../lib/gcc/arm-none-eabi/10.3.1/../../../../arm-none-eabi/lib/thumb/v7e-m+fp/hard\libc_nano.a(lib_a-findfp.o)
                0x0000000008008700                __sf_fake_stdin
 .rodata.__sf_fake_stdout
                0x0000000008008720       0x20 f:/stm32cubeide_1.10.1/stm32cubeide/plugins/com.st.stm32cube.ide.mcu.externaltools.gnu-tools-for-stm32.10.3-2021.10.win32_1.0.0.202111181127/tools/bin/../lib/gcc/arm-none-eabi/10.3.1/../../../../arm-none-eabi/lib/thumb/v7e-m+fp/hard\libc_nano.a(lib_a-findfp.o)
                0x0000000008008720                __sf_fake_stdout
 .rodata._global_impure_ptr
                0x0000000008008740        0x4 f:/stm32cubeide_1.10.1/stm32cubeide/plugins/com.st.stm32cube.ide.mcu.externaltools.gnu-tools-for-stm32.10.3-2021.10.win32_1.0.0.202111181127/tools/bin/../lib/gcc/arm-none-eabi/10.3.1/../../../../arm-none-eabi/lib/thumb/v7e-m+fp/hard\libc_nano.a(lib_a-impure.o)
                0x0000000008008740                _global_impure_ptr
 .rodata.srand.str1.1
                0x0000000008008744       0x72 f:/stm32cubeide_1.10.1/stm32cubeide/plugins/com.st.stm32cube.ide.mcu.externaltools.gnu-tools-for-stm32.10.3-2021.10.win32_1.0.0.202111181127/tools/bin/../lib/gcc/arm-none-eabi/10.3.1/../../../../arm-none-eabi/lib/thumb/v7e-m+fp/hard\libc_nano.a(lib_a-rand.o)
 .rodata.__assert_func.str1.1
                0x00000000080087b6       0x3c f:/stm32cubeide_1.10.1/stm32cubeide/plugins/com.st.stm32cube.ide.mcu.externaltools.gnu-tools-for-stm32.10.3-2021.10.win32_1.0.0.202111181127/tools/bin/../lib/gcc/arm-none-eabi/10.3.1/../../../../arm-none-eabi/lib/thumb/v7e-m+fp/hard\libc_nano.a(lib_a-assert.o)
                                         0x3d (size before relaxing)
 .rodata._vfprintf_r.str1.1
                0x00000000080087f2       0x11 f:/stm32cubeide_1.10.1/stm32cubeide/plugins/com.st.stm32cube.ide.mcu.externaltools.gnu-tools-for-stm32.10.3-2021.10.win32_1.0.0.202111181127/tools/bin/../lib/gcc/arm-none-eabi/10.3.1/../../../../arm-none-eabi/lib/thumb/v7e-m+fp/hard\libc_nano.a(lib_a-nano-vfprintf.o)
 .rodata._printf_i.str1.1
                0x0000000008008803       0x22 f:/stm32cubeide_1.10.1/stm32cubeide/plugins/com.st.stm32cube.ide.mcu.externaltools.gnu-tools-for-stm32.10.3-2021.10.win32_1.0.0.202111181127/tools/bin/../lib/gcc/arm-none-eabi/10.3.1/../../../../arm-none-eabi/lib/thumb/v7e-m+fp/hard\libc_nano.a(lib_a-nano-vfprintf_i.o)
                0x0000000008008828                . = ALIGN (0x4)
 *fill*         0x0000000008008825        0x3 

.ARM.extab      0x0000000008008828        0x0
                0x0000000008008828                . = ALIGN (0x4)
 *(.ARM.extab* .gnu.linkonce.armextab.*)
                0x0000000008008828                . = ALIGN (0x4)

.ARM            0x0000000008008828        0x8
                0x0000000008008828                . = ALIGN (0x4)
                0x0000000008008828                __exidx_start = .
 *(.ARM.exidx*)
 .ARM.exidx     0x0000000008008828        0x8 f:/stm32cubeide_1.10.1/stm32cubeide/plugins/com.st.stm32cube.ide.mcu.externaltools.gnu-tools-for-stm32.10.3-2021.10.win32_1.0.0.202111181127/tools/bin/../lib/gcc/arm-none-eabi/10.3.1/thumb/v7e-m+fp/hard\libgcc.a(_udivmoddi4.o)
                0x0000000008008830                __exidx_end = .
                0x0000000008008830                . = ALIGN (0x4)

.rel.dyn        0x0000000008008830        0x0
 .rel.iplt      0x0000000008008830        0x0 f:/stm32cubeide_1.10.1/stm32cubeide/plugins/com.st.stm32cube.ide.mcu.externaltools.gnu-tools-for-stm32.10.3-2021.10.win32_1.0.0.202111181127/tools/bin/../lib/gcc/arm-none-eabi/10.3.1/thumb/v7e-m+fp/hard/crtbegin.o

.preinit_array  0x0000000008008830        0x0
                0x0000000008008830                . = ALIGN (0x4)
                0x0000000008008830                PROVIDE (__preinit_array_start = .)
 *(.preinit_array*)
                0x0000000008008830                PROVIDE (__preinit_array_end = .)
                0x0000000008008830                . = ALIGN (0x4)

.init_array     0x0000000008008830        0x4
                0x0000000008008830                . = ALIGN (0x4)
                0x0000000008008830                PROVIDE (__init_array_start = .)
 *(SORT_BY_NAME(.init_array.*))
 *(.init_array*)
 .init_array    0x0000000008008830        0x4 f:/stm32cubeide_1.10.1/stm32cubeide/plugins/com.st.stm32cube.ide.mcu.externaltools.gnu-tools-for-stm32.10.3-2021.10.win32_1.0.0.202111181127/tools/bin/../lib/gcc/arm-none-eabi/10.3.1/thumb/v7e-m+fp/hard/crtbegin.o
                0x0000000008008834                PROVIDE (__init_array_end = .)
                0x0000000008008834                . = ALIGN (0x4)

.fini_array     0x0000000008008834        0x4
                0x0000000008008834                . = ALIGN (0x4)
                [!provide]                        PROVIDE (__fini_array_start = .)
 *(SORT_BY_NAME(.fini_array.*))
 *(.fini_array*)
 .fini_array    0x0000000008008834        0x4 f:/stm32cubeide_1.10.1/stm32cubeide/plugins/com.st.stm32cube.ide.mcu.externaltools.gnu-tools-for-stm32.10.3-2021.10.win32_1.0.0.202111181127/tools/bin/../lib/gcc/arm-none-eabi/10.3.1/thumb/v7e-m+fp/hard/crtbegin.o
                [!provide]                        PROVIDE (__fini_array_end = .)
                0x0000000008008838                . = ALIGN (0x4)
                0x0000000008008838                _sidata = LOADADDR (.data)

.data           0x0000000020000000       0x74 load address 0x0000000008008838
                0x0000000020000000                . = ALIGN (0x4)
                0x0000000020000000                _sdata = .
 *(.data)
 *(.data*)
 .data.SystemCoreClock
                0x0000000020000000        0x4 ./Core/Src/system_stm32f4xx.o
                0x0000000020000000                SystemCoreClock
 .data.uwTickPrio
                0x0000000020000004        0x4 ./Drivers/STM32F4xx_HAL_Driver/Src/stm32f4xx_hal.o
                0x0000000020000004                uwTickPrio
 .data.uwTickFreq
                0x0000000020000008        0x1 ./Drivers/STM32F4xx_HAL_Driver/Src/stm32f4xx_hal.o
                0x0000000020000008                uwTickFreq
 *fill*         0x0000000020000009        0x3 
 .data.uxCriticalNesting
                0x000000002000000c        0x4 ./Middlewares/Third_Party/FreeRTOS/Source/portable/GCC/ARM_CM4F/port.o
 .data._impure_ptr
                0x0000000020000010        0x4 f:/stm32cubeide_1.10.1/stm32cubeide/plugins/com.st.stm32cube.ide.mcu.externaltools.gnu-tools-for-stm32.10.3-2021.10.win32_1.0.0.202111181127/tools/bin/../lib/gcc/arm-none-eabi/10.3.1/../../../../arm-none-eabi/lib/thumb/v7e-m+fp/hard\libc_nano.a(lib_a-impure.o)
                0x0000000020000010                _impure_ptr
 .data.impure_data
                0x0000000020000014       0x60 f:/stm32cubeide_1.10.1/stm32cubeide/plugins/com.st.stm32cube.ide.mcu.externaltools.gnu-tools-for-stm32.10.3-2021.10.win32_1.0.0.202111181127/tools/bin/../lib/gcc/arm-none-eabi/10.3.1/../../../../arm-none-eabi/lib/thumb/v7e-m+fp/hard\libc_nano.a(lib_a-impure.o)
 *(.RamFunc)
 *(.RamFunc*)
                0x0000000020000074                . = ALIGN (0x4)
                0x0000000020000074                _edata = .

.igot.plt       0x0000000020000074        0x0 load address 0x00000000080088ac
 .igot.plt      0x0000000020000074        0x0 f:/stm32cubeide_1.10.1/stm32cubeide/plugins/com.st.stm32cube.ide.mcu.externaltools.gnu-tools-for-stm32.10.3-2021.10.win32_1.0.0.202111181127/tools/bin/../lib/gcc/arm-none-eabi/10.3.1/thumb/v7e-m+fp/hard/crtbegin.o
                0x0000000020000074                . = ALIGN (0x4)

.bss            0x0000000020000074     0x4b60 load address 0x00000000080088ac
                0x0000000020000074                _sbss = .
                0x0000000020000074                __bss_start__ = _sbss
 *(.bss)
 .bss           0x0000000020000074       0x1c f:/stm32cubeide_1.10.1/stm32cubeide/plugins/com.st.stm32cube.ide.mcu.externaltools.gnu-tools-for-stm32.10.3-2021.10.win32_1.0.0.202111181127/tools/bin/../lib/gcc/arm-none-eabi/10.3.1/thumb/v7e-m+fp/hard/crtbegin.o
 *(.bss*)
 .bss.rotation  0x0000000020000090        0x1 ./Core/Src/lcd.o
 *fill*         0x0000000020000091        0x1 
 .bss._xstart   0x0000000020000092        0x2 ./Core/Src/lcd.o
 .bss._ystart   0x0000000020000094        0x2 ./Core/Src/lcd.o
 .bss._width    0x0000000020000096        0x2 ./Core/Src/lcd.o
 .bss._height   0x0000000020000098        0x2 ./Core/Src/lcd.o
 .bss._colstart
                0x000000002000009a        0x1 ./Core/Src/lcd.o
 .bss._rowstart
                0x000000002000009b        0x1 ./Core/Src/lcd.o
 .bss.hadc1     0x000000002000009c       0x48 ./Core/Src/main.o
                0x000000002000009c                hadc1
 .bss.hspi1     0x00000000200000e4       0x58 ./Core/Src/main.o
                0x00000000200000e4                hspi1
 .bss.htim9     0x000000002000013c       0x48 ./Core/Src/main.o
                0x000000002000013c                htim9
 .bss.DrawHandle
                0x0000000020000184        0x4 ./Core/Src/main.o
                0x0000000020000184                DrawHandle
 .bss.ControlHandle
                0x0000000020000188        0x4 ./Core/Src/main.o
                0x0000000020000188                ControlHandle
 .bss.MTX1Handle
                0x000000002000018c        0x4 ./Core/Src/main.o
                0x000000002000018c                MTX1Handle
 .bss.bullets   0x0000000020000190        0xc ./Core/Src/main.o
                0x0000000020000190                bullets
 .bss.mobs      0x000000002000019c        0xc ./Core/Src/main.o
                0x000000002000019c                mobs
 .bss.adc_value
                0x00000000200001a8        0x2 ./Core/Src/main.o
                0x00000000200001a8                adc_value
 .bss.adc_prev_value
                0x00000000200001aa        0x2 ./Core/Src/main.o
                0x00000000200001aa                adc_prev_value
 .bss.__sbrk_heap_end
                0x00000000200001ac        0x4 ./Core/Src/sysmem.o
 .bss.uwTick    0x00000000200001b0        0x4 ./Drivers/STM32F4xx_HAL_Driver/Src/stm32f4xx_hal.o
                0x00000000200001b0                uwTick
 .bss.KernelState
                0x00000000200001b4        0x4 ./Middlewares/Third_Party/FreeRTOS/Source/CMSIS_RTOS_V2/cmsis_os2.o
 .bss.Idle_TCB.3
                0x00000000200001b8       0xbc ./Middlewares/Third_Party/FreeRTOS/Source/CMSIS_RTOS_V2/cmsis_os2.o
 .bss.Idle_Stack.2
                0x0000000020000274      0x200 ./Middlewares/Third_Party/FreeRTOS/Source/CMSIS_RTOS_V2/cmsis_os2.o
 .bss.Timer_TCB.1
                0x0000000020000474       0xbc ./Middlewares/Third_Party/FreeRTOS/Source/CMSIS_RTOS_V2/cmsis_os2.o
 .bss.Timer_Stack.0
                0x0000000020000530      0x400 ./Middlewares/Third_Party/FreeRTOS/Source/CMSIS_RTOS_V2/cmsis_os2.o
 .bss.xQueueRegistry
                0x0000000020000930       0x40 ./Middlewares/Third_Party/FreeRTOS/Source/queue.o
                0x0000000020000930                xQueueRegistry
 .bss.pxCurrentTCB
                0x0000000020000970        0x4 ./Middlewares/Third_Party/FreeRTOS/Source/tasks.o
                0x0000000020000970                pxCurrentTCB
 .bss.pxReadyTasksLists
                0x0000000020000974      0x460 ./Middlewares/Third_Party/FreeRTOS/Source/tasks.o
 .bss.xDelayedTaskList1
                0x0000000020000dd4       0x14 ./Middlewares/Third_Party/FreeRTOS/Source/tasks.o
 .bss.xDelayedTaskList2
                0x0000000020000de8       0x14 ./Middlewares/Third_Party/FreeRTOS/Source/tasks.o
 .bss.pxDelayedTaskList
                0x0000000020000dfc        0x4 ./Middlewares/Third_Party/FreeRTOS/Source/tasks.o
 .bss.pxOverflowDelayedTaskList
                0x0000000020000e00        0x4 ./Middlewares/Third_Party/FreeRTOS/Source/tasks.o
 .bss.xPendingReadyList
                0x0000000020000e04       0x14 ./Middlewares/Third_Party/FreeRTOS/Source/tasks.o
 .bss.xTasksWaitingTermination
                0x0000000020000e18       0x14 ./Middlewares/Third_Party/FreeRTOS/Source/tasks.o
 .bss.uxDeletedTasksWaitingCleanUp
                0x0000000020000e2c        0x4 ./Middlewares/Third_Party/FreeRTOS/Source/tasks.o
 .bss.xSuspendedTaskList
                0x0000000020000e30       0x14 ./Middlewares/Third_Party/FreeRTOS/Source/tasks.o
 .bss.uxCurrentNumberOfTasks
                0x0000000020000e44        0x4 ./Middlewares/Third_Party/FreeRTOS/Source/tasks.o
 .bss.xTickCount
                0x0000000020000e48        0x4 ./Middlewares/Third_Party/FreeRTOS/Source/tasks.o
 .bss.uxTopReadyPriority
                0x0000000020000e4c        0x4 ./Middlewares/Third_Party/FreeRTOS/Source/tasks.o
 .bss.xSchedulerRunning
                0x0000000020000e50        0x4 ./Middlewares/Third_Party/FreeRTOS/Source/tasks.o
 .bss.xPendedTicks
                0x0000000020000e54        0x4 ./Middlewares/Third_Party/FreeRTOS/Source/tasks.o
 .bss.xYieldPending
                0x0000000020000e58        0x4 ./Middlewares/Third_Party/FreeRTOS/Source/tasks.o
 .bss.xNumOfOverflows
                0x0000000020000e5c        0x4 ./Middlewares/Third_Party/FreeRTOS/Source/tasks.o
 .bss.uxTaskNumber
                0x0000000020000e60        0x4 ./Middlewares/Third_Party/FreeRTOS/Source/tasks.o
 .bss.xNextTaskUnblockTime
                0x0000000020000e64        0x4 ./Middlewares/Third_Party/FreeRTOS/Source/tasks.o
 .bss.xIdleTaskHandle
                0x0000000020000e68        0x4 ./Middlewares/Third_Party/FreeRTOS/Source/tasks.o
 .bss.uxSchedulerSuspended
                0x0000000020000e6c        0x4 ./Middlewares/Third_Party/FreeRTOS/Source/tasks.o
 .bss.xActiveTimerList1
                0x0000000020000e70       0x14 ./Middlewares/Third_Party/FreeRTOS/Source/timers.o
 .bss.xActiveTimerList2
                0x0000000020000e84       0x14 ./Middlewares/Third_Party/FreeRTOS/Source/timers.o
 .bss.pxCurrentTimerList
                0x0000000020000e98        0x4 ./Middlewares/Third_Party/FreeRTOS/Source/timers.o
 .bss.pxOverflowTimerList
                0x0000000020000e9c        0x4 ./Middlewares/Third_Party/FreeRTOS/Source/timers.o
 .bss.xTimerQueue
                0x0000000020000ea0        0x4 ./Middlewares/Third_Party/FreeRTOS/Source/timers.o
 .bss.xTimerTaskHandle
                0x0000000020000ea4        0x4 ./Middlewares/Third_Party/FreeRTOS/Source/timers.o
 .bss.xLastTime.2
                0x0000000020000ea8        0x4 ./Middlewares/Third_Party/FreeRTOS/Source/timers.o
 .bss.ucStaticTimerQueueStorage.1
                0x0000000020000eac       0xa0 ./Middlewares/Third_Party/FreeRTOS/Source/timers.o
 .bss.xStaticTimerQueue.0
                0x0000000020000f4c       0x50 ./Middlewares/Third_Party/FreeRTOS/Source/timers.o
 .bss.ucMaxSysCallPriority
                0x0000000020000f9c        0x1 ./Middlewares/Third_Party/FreeRTOS/Source/portable/GCC/ARM_CM4F/port.o
 *fill*         0x0000000020000f9d        0x3 
 .bss.ulMaxPRIGROUPValue
                0x0000000020000fa0        0x4 ./Middlewares/Third_Party/FreeRTOS/Source/portable/GCC/ARM_CM4F/port.o
 .bss.ucHeap    0x0000000020000fa4     0x3c00 ./Middlewares/Third_Party/FreeRTOS/Source/portable/MemMang/heap_4.o
 .bss.xStart    0x0000000020004ba4        0x8 ./Middlewares/Third_Party/FreeRTOS/Source/portable/MemMang/heap_4.o
 .bss.pxEnd     0x0000000020004bac        0x4 ./Middlewares/Third_Party/FreeRTOS/Source/portable/MemMang/heap_4.o
 .bss.xFreeBytesRemaining
                0x0000000020004bb0        0x4 ./Middlewares/Third_Party/FreeRTOS/Source/portable/MemMang/heap_4.o
 .bss.xMinimumEverFreeBytesRemaining
                0x0000000020004bb4        0x4 ./Middlewares/Third_Party/FreeRTOS/Source/portable/MemMang/heap_4.o
 .bss.xNumberOfSuccessfulAllocations
                0x0000000020004bb8        0x4 ./Middlewares/Third_Party/FreeRTOS/Source/portable/MemMang/heap_4.o
 .bss.xNumberOfSuccessfulFrees
                0x0000000020004bbc        0x4 ./Middlewares/Third_Party/FreeRTOS/Source/portable/MemMang/heap_4.o
 .bss.xBlockAllocatedBit
                0x0000000020004bc0        0x4 ./Middlewares/Third_Party/FreeRTOS/Source/portable/MemMang/heap_4.o
 .bss.__lock___malloc_recursive_mutex
                0x0000000020004bc4        0x1 f:/stm32cubeide_1.10.1/stm32cubeide/plugins/com.st.stm32cube.ide.mcu.externaltools.gnu-tools-for-stm32.10.3-2021.10.win32_1.0.0.202111181127/tools/bin/../lib/gcc/arm-none-eabi/10.3.1/../../../../arm-none-eabi/lib/thumb/v7e-m+fp/hard\libc_nano.a(lib_a-lock.o)
                0x0000000020004bc4                __lock___malloc_recursive_mutex
 .bss.__lock___sfp_recursive_mutex
                0x0000000020004bc5        0x1 f:/stm32cubeide_1.10.1/stm32cubeide/plugins/com.st.stm32cube.ide.mcu.externaltools.gnu-tools-for-stm32.10.3-2021.10.win32_1.0.0.202111181127/tools/bin/../lib/gcc/arm-none-eabi/10.3.1/../../../../arm-none-eabi/lib/thumb/v7e-m+fp/hard\libc_nano.a(lib_a-lock.o)
                0x0000000020004bc5                __lock___sfp_recursive_mutex
 .bss.__lock___sinit_recursive_mutex
                0x0000000020004bc6        0x1 f:/stm32cubeide_1.10.1/stm32cubeide/plugins/com.st.stm32cube.ide.mcu.externaltools.gnu-tools-for-stm32.10.3-2021.10.win32_1.0.0.202111181127/tools/bin/../lib/gcc/arm-none-eabi/10.3.1/../../../../arm-none-eabi/lib/thumb/v7e-m+fp/hard\libc_nano.a(lib_a-lock.o)
                0x0000000020004bc6                __lock___sinit_recursive_mutex
 *fill*         0x0000000020004bc7        0x1 
 .bss.__malloc_free_list
                0x0000000020004bc8        0x4 f:/stm32cubeide_1.10.1/stm32cubeide/plugins/com.st.stm32cube.ide.mcu.externaltools.gnu-tools-for-stm32.10.3-2021.10.win32_1.0.0.202111181127/tools/bin/../lib/gcc/arm-none-eabi/10.3.1/../../../../arm-none-eabi/lib/thumb/v7e-m+fp/hard\libc_nano.a(lib_a-nano-mallocr.o)
                0x0000000020004bc8                __malloc_free_list
 .bss.__malloc_sbrk_start
                0x0000000020004bcc        0x4 f:/stm32cubeide_1.10.1/stm32cubeide/plugins/com.st.stm32cube.ide.mcu.externaltools.gnu-tools-for-stm32.10.3-2021.10.win32_1.0.0.202111181127/tools/bin/../lib/gcc/arm-none-eabi/10.3.1/../../../../arm-none-eabi/lib/thumb/v7e-m+fp/hard\libc_nano.a(lib_a-nano-mallocr.o)
                0x0000000020004bcc                __malloc_sbrk_start
 .bss.errno     0x0000000020004bd0        0x4 f:/stm32cubeide_1.10.1/stm32cubeide/plugins/com.st.stm32cube.ide.mcu.externaltools.gnu-tools-for-stm32.10.3-2021.10.win32_1.0.0.202111181127/tools/bin/../lib/gcc/arm-none-eabi/10.3.1/../../../../arm-none-eabi/lib/thumb/v7e-m+fp/hard\libc_nano.a(lib_a-reent.o)
                0x0000000020004bd0                errno
 *(COMMON)
                0x0000000020004bd4                . = ALIGN (0x4)
                0x0000000020004bd4                _ebss = .
                0x0000000020004bd4                __bss_end__ = _ebss

._user_heap_stack
                0x0000000020004bd4      0x604 load address 0x00000000080088ac
                0x0000000020004bd8                . = ALIGN (0x8)
 *fill*         0x0000000020004bd4        0x4 
                [!provide]                        PROVIDE (end = .)
                0x0000000020004bd8                PROVIDE (_end = .)
                0x0000000020004dd8                . = (. + _Min_Heap_Size)
 *fill*         0x0000000020004bd8      0x200 
                0x00000000200051d8                . = (. + _Min_Stack_Size)
 *fill*         0x0000000020004dd8      0x400 
                0x00000000200051d8                . = ALIGN (0x8)

/DISCARD/
 libc.a(*)
 libm.a(*)
 libgcc.a(*)

.ARM.attributes
                0x0000000000000000       0x30
 *(.ARM.attributes)
 .ARM.attributes
                0x0000000000000000       0x1e f:/stm32cubeide_1.10.1/stm32cubeide/plugins/com.st.stm32cube.ide.mcu.externaltools.gnu-tools-for-stm32.10.3-2021.10.win32_1.0.0.202111181127/tools/bin/../lib/gcc/arm-none-eabi/10.3.1/thumb/v7e-m+fp/hard/crti.o
 .ARM.attributes
                0x000000000000001e       0x34 f:/stm32cubeide_1.10.1/stm32cubeide/plugins/com.st.stm32cube.ide.mcu.externaltools.gnu-tools-for-stm32.10.3-2021.10.win32_1.0.0.202111181127/tools/bin/../lib/gcc/arm-none-eabi/10.3.1/thumb/v7e-m+fp/hard/crtbegin.o
 .ARM.attributes
                0x0000000000000052       0x34 ./Core/Src/lcd.o
 .ARM.attributes
                0x0000000000000086       0x34 ./Core/Src/main.o
 .ARM.attributes
                0x00000000000000ba       0x34 ./Core/Src/stm32f4xx_hal_msp.o
 .ARM.attributes
                0x00000000000000ee       0x34 ./Core/Src/stm32f4xx_it.o
 .ARM.attributes
                0x0000000000000122       0x34 ./Core/Src/syscalls.o
 .ARM.attributes
                0x0000000000000156       0x34 ./Core/Src/sysmem.o
 .ARM.attributes
                0x000000000000018a       0x34 ./Core/Src/system_stm32f4xx.o
 .ARM.attributes
                0x00000000000001be       0x21 ./Core/Startup/startup_stm32f401ccux.o
 .ARM.attributes
                0x00000000000001df       0x34 ./Drivers/STM32F4xx_HAL_Driver/Src/stm32f4xx_hal.o
 .ARM.attributes
                0x0000000000000213       0x34 ./Drivers/STM32F4xx_HAL_Driver/Src/stm32f4xx_hal_adc.o
 .ARM.attributes
                0x0000000000000247       0x34 ./Drivers/STM32F4xx_HAL_Driver/Src/stm32f4xx_hal_cortex.o
 .ARM.attributes
                0x000000000000027b       0x34 ./Drivers/STM32F4xx_HAL_Driver/Src/stm32f4xx_hal_gpio.o
 .ARM.attributes
                0x00000000000002af       0x34 ./Drivers/STM32F4xx_HAL_Driver/Src/stm32f4xx_hal_rcc.o
 .ARM.attributes
                0x00000000000002e3       0x34 ./Drivers/STM32F4xx_HAL_Driver/Src/stm32f4xx_hal_spi.o
 .ARM.attributes
                0x0000000000000317       0x34 ./Drivers/STM32F4xx_HAL_Driver/Src/stm32f4xx_hal_tim.o
 .ARM.attributes
                0x000000000000034b       0x34 ./Drivers/STM32F4xx_HAL_Driver/Src/stm32f4xx_hal_tim_ex.o
 .ARM.attributes
                0x000000000000037f       0x34 ./Middlewares/Third_Party/FreeRTOS/Source/CMSIS_RTOS_V2/cmsis_os2.o
 .ARM.attributes
                0x00000000000003b3       0x34 ./Middlewares/Third_Party/FreeRTOS/Source/list.o
 .ARM.attributes
                0x00000000000003e7       0x34 ./Middlewares/Third_Party/FreeRTOS/Source/queue.o
 .ARM.attributes
                0x000000000000041b       0x34 ./Middlewares/Third_Party/FreeRTOS/Source/tasks.o
 .ARM.attributes
                0x000000000000044f       0x34 ./Middlewares/Third_Party/FreeRTOS/Source/timers.o
 .ARM.attributes
                0x0000000000000483       0x34 ./Middlewares/Third_Party/FreeRTOS/Source/portable/GCC/ARM_CM4F/port.o
 .ARM.attributes
                0x00000000000004b7       0x34 ./Middlewares/Third_Party/FreeRTOS/Source/portable/MemMang/heap_4.o
 .ARM.attributes
                0x00000000000004eb       0x34 f:/stm32cubeide_1.10.1/stm32cubeide/plugins/com.st.stm32cube.ide.mcu.externaltools.gnu-tools-for-stm32.10.3-2021.10.win32_1.0.0.202111181127/tools/bin/../lib/gcc/arm-none-eabi/10.3.1/../../../../arm-none-eabi/lib/thumb/v7e-m+fp/hard\libc_nano.a(lib_a-errno.o)
 .ARM.attributes
                0x000000000000051f       0x34 f:/stm32cubeide_1.10.1/stm32cubeide/plugins/com.st.stm32cube.ide.mcu.externaltools.gnu-tools-for-stm32.10.3-2021.10.win32_1.0.0.202111181127/tools/bin/../lib/gcc/arm-none-eabi/10.3.1/../../../../arm-none-eabi/lib/thumb/v7e-m+fp/hard\libc_nano.a(lib_a-findfp.o)
 .ARM.attributes